Component: ARM Compiler 5.06 update 4 (build 422) Tool: armlink [4d35d2]

==============================================================================

Section Cross References

    startup_stm32f103xb.o(RESET) refers to startup_stm32f103xb.o(STACK) for __initial_sp
    startup_stm32f103xb.o(RESET) refers to startup_stm32f103xb.o(.text) for Reset_Handler
    startup_stm32f103xb.o(RESET) refers to stm32f1xx_it.o(i.NMI_Handler) for NMI_Handler
    startup_stm32f103xb.o(RESET) refers to stm32f1xx_it.o(i.HardFault_Handler) for HardFault_Handler
    startup_stm32f103xb.o(RESET) refers to stm32f1xx_it.o(i.MemManage_Handler) for MemManage_Handler
    startup_stm32f103xb.o(RESET) refers to stm32f1xx_it.o(i.BusFault_Handler) for BusFault_Handler
    startup_stm32f103xb.o(RESET) refers to stm32f1xx_it.o(i.UsageFault_Handler) for UsageFault_Handler
    startup_stm32f103xb.o(RESET) refers to port.o(.emb_text) for SVC_Handler
    startup_stm32f103xb.o(RESET) refers to stm32f1xx_it.o(i.DebugMon_Handler) for DebugMon_Handler
    startup_stm32f103xb.o(RESET) refers to stm32f1xx_it.o(i.SysTick_Handler) for SysTick_Handler
    startup_stm32f103xb.o(RESET) refers to stm32f1xx_it.o(i.DMA1_Channel1_IRQHandler) for DMA1_Channel1_IRQHandler
    startup_stm32f103xb.o(RESET) refers to stm32f1xx_it.o(i.DMA1_Channel5_IRQHandler) for DMA1_Channel5_IRQHandler
    startup_stm32f103xb.o(.text) refers to system_stm32f1xx.o(i.SystemInit) for SystemInit
    startup_stm32f103xb.o(.text) refers to entry.o(.ARM.Collect$$$$00000000) for __main
    dht22.o(i.DHT22_GetReadings) refers to stm32f1xx_hal_gpio.o(i.HAL_GPIO_Init) for HAL_GPIO_Init
    dht22.o(i.DHT22_GetReadings) refers to stm32f1xx_hal_gpio.o(i.HAL_GPIO_WritePin) for HAL_GPIO_WritePin
    dht22.o(i.DHT22_GetReadings) refers to delay.o(i.Delay_us) for Delay_us
    dht22.o(i.DHT22_GetReadings) refers to stm32f1xx_hal_gpio.o(i.HAL_GPIO_ReadPin) for HAL_GPIO_ReadPin
    dht22.o(i.DHT22_GetReadings) refers to dht22.o(.bss) for .bss
    dht22.o(i.DHT22_Init) refers to stm32f1xx_hal_gpio.o(i.HAL_GPIO_Init) for HAL_GPIO_Init
    dht22.o(i.DHT22_Init) refers to dht22.o(.bss) for .bss
    dht22.o(i.DHT22_Read) refers to dht22.o(i.DHT22_GetReadings) for DHT22_GetReadings
    dht22.o(i.DHT22_Read) refers to dht22.o(i.DHT22_DecodeReadings) for DHT22_DecodeReadings
    dht22.o(i.DHT22_Read) refers to ffltui.o(.text) for __aeabi_ui2f
    dht22.o(i.DHT22_Read) refers to fdiv.o(.text) for __aeabi_fdiv
    usart_print.o(i.ConvertFromFloat) refers to f2d.o(.text) for __aeabi_f2d
    usart_print.o(i.ConvertFromFloat) refers to printfa.o(i.__0sprintf) for __2sprintf
    usart_print.o(i.ConvertFromInt) refers to printfa.o(i.__0sprintf) for __2sprintf
    usart_print.o(i.ConvertFromIntForTime) refers to printfa.o(i.__0sprintf) for __2sprintf
    ssd1306.o(i.get_CurrentX) refers to ssd1306.o(.data) for .data
    ssd1306.o(i.get_CurrentY) refers to ssd1306.o(.data) for .data
    ssd1306.o(i.ssd1306_DrawLuxIcon) refers to memcpya.o(.text) for __aeabi_memcpy4
    ssd1306.o(i.ssd1306_DrawLuxIcon) refers to ssd1306.o(i.ssd1306_DrawPixel) for ssd1306_DrawPixel
    ssd1306.o(i.ssd1306_DrawLuxIcon) refers to ssd1306.o(.data) for .data
    ssd1306.o(i.ssd1306_DrawPixel) refers to ssd1306.o(.data) for .data
    ssd1306.o(i.ssd1306_DrawPixel) refers to ssd1306.o(.bss) for .bss
    ssd1306.o(i.ssd1306_Fill) refers to ssd1306.o(.bss) for .bss
    ssd1306.o(i.ssd1306_Init) refers to stm32f1xx_hal.o(i.HAL_Delay) for HAL_Delay
    ssd1306.o(i.ssd1306_Init) refers to ssd1306.o(i.ssd1306_WriteCommand) for ssd1306_WriteCommand
    ssd1306.o(i.ssd1306_Init) refers to ssd1306.o(i.ssd1306_Fill) for ssd1306_Fill
    ssd1306.o(i.ssd1306_Init) refers to ssd1306.o(i.ssd1306_UpdateScreen) for ssd1306_UpdateScreen
    ssd1306.o(i.ssd1306_Init) refers to ssd1306.o(.data) for .data
    ssd1306.o(i.ssd1306_SetCursor) refers to ssd1306.o(.data) for .data
    ssd1306.o(i.ssd1306_UpdateScreen) refers to ssd1306.o(i.ssd1306_WriteCommand) for ssd1306_WriteCommand
    ssd1306.o(i.ssd1306_UpdateScreen) refers to stm32f1xx_hal_i2c.o(i.HAL_I2C_Mem_Write) for HAL_I2C_Mem_Write
    ssd1306.o(i.ssd1306_UpdateScreen) refers to ssd1306.o(.bss) for .bss
    ssd1306.o(i.ssd1306_UpdateScreen) refers to main.o(.bss) for hi2c1
    ssd1306.o(i.ssd1306_WriteChar) refers to ssd1306.o(i.ssd1306_DrawPixel) for ssd1306_DrawPixel
    ssd1306.o(i.ssd1306_WriteChar) refers to ssd1306.o(.data) for .data
    ssd1306.o(i.ssd1306_WriteCommand) refers to stm32f1xx_hal_i2c.o(i.HAL_I2C_Mem_Write) for HAL_I2C_Mem_Write
    ssd1306.o(i.ssd1306_WriteCommand) refers to main.o(.bss) for hi2c1
    ssd1306.o(i.ssd1306_WriteString) refers to ssd1306.o(i.ssd1306_WriteChar) for ssd1306_WriteChar
    fonts.o(.data) refers to fonts.o(.constdata) for Font7x10
    fonts.o(.data) refers to fonts.o(.constdata) for Font11x18
    fonts.o(.data) refers to fonts.o(.constdata) for Font16x26
[...]
    ../fplib/microlib/f2d.c                  0x00000000   Number         0  f2d.o ABSOLUTE
    ../fplib/microlib/fpadd.c                0x00000000   Number         0  dadd.o ABSOLUTE
    ../fplib/microlib/fpdiv.c                0x00000000   Number         0  ddiv.o ABSOLUTE
    ../fplib/microlib/fpdiv.c                0x00000000   Number         0  fdiv.o ABSOLUTE
    ../fplib/microlib/fpepilogue.c           0x00000000   Number         0  depilogue.o ABSOLUTE
    ../fplib/microlib/fpepilogue.c           0x00000000   Number         0  fepilogue.o ABSOLUTE
    ../fplib/microlib/fpfix.c                0x00000000   Number         0  dfixul.o ABSOLUTE
    ../fplib/microlib/fpfix.c                0x00000000   Number         0  dfixui.o ABSOLUTE
    ../fplib/microlib/fpflt.c                0x00000000   Number         0  dfltui.o ABSOLUTE
    ../fplib/microlib/fpflt.c                0x00000000   Number         0  ffltui.o ABSOLUTE
    ../fplib/microlib/fpmul.c                0x00000000   Number         0  dmul.o ABSOLUTE
    ..\Drivers\STM32F1xx_HAL_Driver\Src\stm32f1xx_hal.c 0x00000000   Number         0  stm32f1xx_hal.o ABSOLUTE
    ..\Drivers\STM32F1xx_HAL_Driver\Src\stm32f1xx_hal_adc.c 0x00000000   Number         0  stm32f1xx_hal_adc.o ABSOLUTE
    ..\Drivers\STM32F1xx_HAL_Driver\Src\stm32f1xx_hal_adc_ex.c 0x00000000   Number         0  stm32f1xx_hal_adc_ex.o ABSOLUTE
    ..\Drivers\STM32F1xx_HAL_Driver\Src\stm32f1xx_hal_cortex.c 0x00000000   Number         0  stm32f1xx_hal_cortex.o ABSOLUTE
    ..\Drivers\STM32F1xx_HAL_Driver\Src\stm32f1xx_hal_dma.c 0x00000000   Number         0  stm32f1xx_hal_dma.o ABSOLUTE
    ..\Drivers\STM32F1xx_HAL_Driver\Src\stm32f1xx_hal_exti.c 0x00000000   Number         0  stm32f1xx_hal_exti.o ABSOLUTE
    ..\Drivers\STM32F1xx_HAL_Driver\Src\stm32f1xx_hal_flash.c 0x00000000   Number         0  stm32f1xx_hal_flash.o ABSOLUTE
    ..\Drivers\STM32F1xx_HAL_Driver\Src\stm32f1xx_hal_flash_ex.c 0x00000000   Number         0  stm32f1xx_hal_flash_ex.o ABSOLUTE
    ..\Drivers\STM32F1xx_HAL_Driver\Src\stm32f1xx_hal_gpio.c 0x00000000   Number         0  stm32f1xx_hal_gpio.o ABSOLUTE
    ..\Drivers\STM32F1xx_HAL_Driver\Src\stm32f1xx_hal_gpio_ex.c 0x00000000   Number         0  stm32f1xx_hal_gpio_ex.o ABSOLUTE
    ..\Drivers\STM32F1xx_HAL_Driver\Src\stm32f1xx_hal_i2c.c 0x00000000   Number         0  stm32f1xx_hal_i2c.o ABSOLUTE
    ..\Drivers\STM32F1xx_HAL_Driver\Src\stm32f1xx_hal_pwr.c 0x00000000   Number         0  stm32f1xx_hal_pwr.o ABSOLUTE
    ..\Drivers\STM32F1xx_HAL_Driver\Src\stm32f1xx_hal_rcc.c 0x00000000   Number         0  stm32f1xx_hal_rcc.o ABSOLUTE
    ..\Drivers\STM32F1xx_HAL_Driver\Src\stm32f1xx_hal_rcc_ex.c 0x00000000   Number         0  stm32f1xx_hal_rcc_ex.o ABSOLUTE
    ..\Drivers\STM32F1xx_HAL_Driver\Src\stm32f1xx_hal_tim.c 0x00000000   Number         0  stm32f1xx_hal_tim.o ABSOLUTE
    ..\Drivers\STM32F1xx_HAL_Driver\Src\stm32f1xx_hal_tim_ex.c 0x00000000   Number         0  stm32f1xx_hal_tim_ex.o ABSOLUTE
    ..\Drivers\STM32F1xx_HAL_Driver\Src\stm32f1xx_hal_uart.c 0x00000000   Number         0  stm32f1xx_hal_uart.o ABSOLUTE
    ..\Middlewares\Third_Party\FreeRTOS\Source\CMSIS_RTOS\cmsis_os.c 0x00000000   Number         0  cmsis_os.o ABSOLUTE
    ..\Middlewares\Third_Party\FreeRTOS\Source\portable\RVDS\ARM_CM3\port.c 0x00000000   Number         0  port.o ABSOLUTE
    ..\Src\BH1750.c                          0x00000000   Number         0  bh1750.o ABSOLUTE
    ..\Src\DS1307.c                          0x00000000   Number         0  ds1307.o ABSOLUTE
    ..\Src\SSD1306.c                         0x00000000   Number         0  ssd1306.o ABSOLUTE
    ..\Src\delay.c                           0x00000000   Number         0  delay.o ABSOLUTE
    ..\Src\dht22.c                           0x00000000   Number         0  dht22.o ABSOLUTE
    ..\Src\fonts.c                           0x00000000   Number         0  fonts.o ABSOLUTE
    ..\Src\freertos.c                        0x00000000   Number         0  freertos.o ABSOLUTE
    ..\Src\main.c                            0x00000000   Number         0  main.o ABSOLUTE
    ..\Src\stm32f1xx_hal_msp.c               0x00000000   Number         0  stm32f1xx_hal_msp.o ABSOLUTE
    ..\Src\stm32f1xx_it.c                    0x00000000   Number         0  stm32f1xx_it.o ABSOLUTE
    ..\Src\system_stm32f1xx.c                0x00000000   Number         0  system_stm32f1xx.o ABSOLUTE
    ..\Src\usart_print.c                     0x00000000   Number         0  usart_print.o ABSOLUTE
    ..\\Src\\BH1750.c                        0x00000000   Number         0  bh1750.o ABSOLUTE
    ..\\Src\\DS1307.c                        0x00000000   Number         0  ds1307.o ABSOLUTE
    ..\\Src\\SSD1306.c                       0x00000000   Number         0  ssd1306.o ABSOLUTE
    ..\\Src\\delay.c                         0x00000000   Number         0  delay.o ABSOLUTE
    ..\\Src\\dht22.c                         0x00000000   Number         0  dht22.o ABSOLUTE
    ..\\Src\\fonts.c                         0x00000000   Number         0  fonts.o ABSOLUTE
    ..\\Src\\usart_print.c                   0x00000000   Number         0  usart_print.o ABSOLUTE
    cdrcmple.s                               0x00000000   Number         0  cdrcmple.o ABSOLUTE
    dc.s                                     0x00000000   Number         0  dc.o ABSOLUTE
    handlers.s                               0x00000000   Number         0  handlers.o ABSOLUTE
    init.s                                   0x00000000   Number         0  init.o ABSOLUTE
    startup_stm32f103xb.s                    0x00000000   Number         0  startup_stm32f103xb.o ABSOLUTE
    RESET                                    0x08000000   Section      236  startup_stm32f103xb.o(RESET)
    .ARM.Collect$$$$00000000                 0x080000ec   Section        0  entry.o(.ARM.Collect$$$$00000000)
    .ARM.Collect$$$$00000001                 0x080000ec   Section        4  entry2.o(.ARM.Collect$$$$00000001)
    .ARM.Collect$$$$00000004                 0x080000f0   Section        4  entry5.o(.ARM.Collect$$$$00000004)
    .ARM.Collect$$$$00000008                 0x080000f4   Section        0  entry7b.o(.ARM.Collect$$$$00000008)
    .ARM.Collect$$$$0000000A                 0x080000f4   Section        0  entry8b.o(.ARM.Collect$$$$0000000A)
    .ARM.Collect$$$$0000000B                 0x080000f4   Section        8  entry9a.o(.ARM.Collect$$$$0000000B)
    .ARM.Collect$$$$0000000D                 0x080000fc   Section        0  entry10a.o(.ARM.Collect$$$$0000000D)
    .ARM.Collect$$$$0000000F                 0x080000fc   Section        0  entry11a.o(.ARM.Collect$$$$0000000F)
    .ARM.Collect$$$$00002712                 0x080000fc   Section        4  entry2.o(.ARM.Collect$$$$00002712)
    __lit__00000000                          0x080000fc   Data           4  entry2.o(.ARM.Collect$$$$00002712)
    .emb_text                                0x08000100   Section      150  port.o(.emb_text)
    .text                                    0x08000198   Section       36  startup_stm32f103xb.o(.text)
    .text                                    0x080001bc   Section        0  llushr.o(.text)
    .text                                    0x080001dc   Section        0  memcpya.o(.text)
    .text                                    0x08000200   Section        0  memseta.o(.text)
    .text                                    0x08000224   Section        0  ddiv.o(.text)
    .text                                    0x08000302   Section        0  dfltui.o(.text)
    .text                                    0x0800031c   Section        0  dfixui.o(.text)
    .text                                    0x0800034e   Section        0  uidiv.o(.text)
    .text                                    0x0800037a   Section        0  uldiv.o(.text)
    .text                                    0x080003dc   Section        0  iusefp.o(.text)
    .text                                    0x080003dc   Section        0  depilogue.o(.text)
    .text                                    0x08000496   Section        0  dadd.o(.text)
    .text                                    0x080005e4   Section        0  dmul.o(.text)
    .text                                    0x080006c8   Section        0  dfixul.o(.text)
    .text                                    0x080006f8   Section       48  cdrcmple.o(.text)
    .text                                    0x08000728   Section       36  init.o(.text)
    .text                                    0x0800074c   Section        0  llshl.o(.text)
    .text                                    0x0800076a   Section        0  llsshr.o(.text)
    i.ADC_ConversionStop_Disable             0x08000790   Section        0  stm32f1xx_hal_adc.o(i.ADC_ConversionStop_Disable)
    i.ADC_DMAConvCplt                        0x080007dc   Section        0  stm32f1xx_hal_adc.o(i.ADC_DMAConvCplt)
    i.ADC_DMAError                           0x0800082a   Section        0  stm32f1xx_hal_adc.o(i.ADC_DMAError)
    i.ADC_DMAHalfConvCplt                    0x08000844   Section        0  stm32f1xx_hal_adc.o(i.ADC_DMAHalfConvCplt)
    i.ADC_Enable                             0x08000850   Section        0  stm32f1xx_hal_adc.o(i.ADC_Enable)
    i.BH1750_Init                            0x080008c0   Section        0  bh1750.o(i.BH1750_Init)
    i.BH1750_Read                            0x080008e4   Section        0  bh1750.o(i.BH1750_Read)
    i.BusFault_Handler                       0x08000920   Section        0  stm32f1xx_it.o(i.BusFault_Handler)
    i.ConvertFromInt                         0x08000924   Section        0  usart_print.o(i.ConvertFromInt)
    i.ConvertFromIntForTime                  0x08000930   Section        0  usart_print.o(i.ConvertFromIntForTime)
    i.DMA1_Channel1_IRQHandler               0x08000940   Section        0  stm32f1xx_it.o(i.DMA1_Channel1_IRQHandler)
    i.DMA1_Channel5_IRQHandler               0x0800094c   Section        0  stm32f1xx_it.o(i.DMA1_Channel5_IRQHandler)
    i.DMA_SetConfig                          0x08000958   Section        0  stm32f1xx_hal_dma.o(i.DMA_SetConfig)
    DMA_SetConfig                            0x08000959   Thumb Code    42  stm32f1xx_hal_dma.o(i.DMA_SetConfig)
    i.DebugMon_Handler                       0x08000982   Section        0  stm32f1xx_it.o(i.DebugMon_Handler)
    i.Error_Handler                          0x08000984   Section        0  main.o(i.Error_Handler)
    i.HAL_ADC_ConfigChannel                  0x08000988   Section        0  stm32f1xx_hal_adc.o(i.HAL_ADC_ConfigChannel)
    i.HAL_ADC_ConvCpltCallback               0x08000a84   Section        0  stm32f1xx_hal_adc.o(i.HAL_ADC_ConvCpltCallback)
    i.HAL_ADC_ConvHalfCpltCallback           0x08000a86   Section        0  stm32f1xx_hal_adc.o(i.HAL_ADC_ConvHalfCpltCallback)
    i.HAL_ADC_ErrorCallback                  0x08000a88   Section        0  stm32f1xx_hal_adc.o(i.HAL_ADC_ErrorCallback)
    i.HAL_ADC_Init                           0x08000a8c   Section        0  stm32f1xx_hal_adc.o(i.HAL_ADC_Init)
    i.HAL_ADC_MspInit                        0x08000ba8   Section        0  stm32f1xx_hal_msp.o(i.HAL_ADC_MspInit)
    i.HAL_ADC_Start_DMA                      0x08000c34   Section        0  stm32f1xx_hal_adc.o(i.HAL_ADC_Start_DMA)
    i.HAL_DMA_IRQHandler                     0x08000d40   Section        0  stm32f1xx_hal_dma.o(i.HAL_DMA_IRQHandler)
    i.HAL_DMA_Init                           0x08000e94   Section        0  stm32f1xx_hal_dma.o(i.HAL_DMA_Init)
    i.HAL_DMA_Start_IT                       0x08000ef0   Section        0  stm32f1xx_hal_dma.o(i.HAL_DMA_Start_IT)
    i.HAL_Delay                              0x08000f60   Section        0  stm32f1xx_hal.o(i.HAL_Delay)
    i.HAL_GPIO_Init                          0x08000f84   Section        0  stm32f1xx_hal_gpio.o(i.HAL_GPIO_Init)
    i.HAL_GPIO_ReadPin                       0x08001164   Section        0  stm32f1xx_hal_gpio.o(i.HAL_GPIO_ReadPin)
    i.HAL_GPIO_TogglePin                     0x0800116e   Section        0  stm32f1xx_hal_gpio.o(i.HAL_GPIO_TogglePin)
    i.HAL_GPIO_WritePin                      0x0800117c   Section        0  stm32f1xx_hal_gpio.o(i.HAL_GPIO_WritePin)
    i.HAL_GetTick                            0x08001188   Section        0  stm32f1xx_hal.o(i.HAL_GetTick)
    i.HAL_I2C_Init                           0x08001194   Section        0  stm32f1xx_hal_i2c.o(i.HAL_I2C_Init)
    i.HAL_I2C_Master_Receive                 0x08001308   Section        0  stm32f1xx_hal_i2c.o(i.HAL_I2C_Master_Receive)
    i.HAL_I2C_Master_Transmit                0x08001514   Section        0  stm32f1xx_hal_i2c.o(i.HAL_I2C_Master_Transmit)
    i.HAL_I2C_Mem_Write                      0x08001640   Section        0  stm32f1xx_hal_i2c.o(i.HAL_I2C_Mem_Write)
    i.HAL_I2C_MspInit                        0x08001770   Section        0  stm32f1xx_hal_msp.o(i.HAL_I2C_MspInit)
    i.HAL_IncTick                            0x080017cc   Section        0  stm32f1xx_hal.o(i.HAL_IncTick)
    i.HAL_Init                               0x080017dc   Section        0  stm32f1xx_hal.o(i.HAL_Init)
    i.HAL_InitTick                           0x08001800   Section        0  stm32f1xx_hal.o(i.HAL_InitTick)
    i.HAL_MspInit                            0x08001840   Section        0  stm32f1xx_hal_msp.o(i.HAL_MspInit)
    i.HAL_MultiProcessor_Init                0x08001888   Section        0  stm32f1xx_hal_uart.o(i.HAL_MultiProcessor_Init)
    i.HAL_NVIC_EnableIRQ                     0x08001916   Section        0  stm32f1xx_hal_cortex.o(i.HAL_NVIC_EnableIRQ)
    i.HAL_NVIC_SetPriority                   0x08001930   Section        0  stm32f1xx_hal_cortex.o(i.HAL_NVIC_SetPriority)
    i.HAL_NVIC_SetPriorityGrouping           0x08001970   Section        0  stm32f1xx_hal_cortex.o(i.HAL_NVIC_SetPriorityGrouping)
    i.HAL_RCCEx_PeriphCLKConfig              0x08001994   Section        0  stm32f1xx_hal_rcc_ex.o(i.HAL_RCCEx_PeriphCLKConfig)
    i.HAL_RCC_ClockConfig                    0x08001a80   Section        0  stm32f1xx_hal_rcc.o(i.HAL_RCC_ClockConfig)
    i.HAL_RCC_GetPCLK1Freq                   0x08001bac   Section        0  stm32f1xx_hal_rcc.o(i.HAL_RCC_GetPCLK1Freq)
    i.HAL_RCC_GetPCLK2Freq                   0x08001bcc   Section        0  stm32f1xx_hal_rcc.o(i.HAL_RCC_GetPCLK2Freq)
    i.HAL_RCC_GetSysClockFreq                0x08001bec   Section        0  stm32f1xx_hal_rcc.o(i.HAL_RCC_GetSysClockFreq)
    i.HAL_RCC_OscConfig                      0x08001c58   Section        0  stm32f1xx_hal_rcc.o(i.HAL_RCC_OscConfig)
    i.HAL_SYSTICK_Config                     0x08001f78   Section        0  stm32f1xx_hal_cortex.o(i.HAL_SYSTICK_Config)
    i.HAL_TIMEx_MasterConfigSynchronization  0x08001fa0   Section        0  stm32f1xx_hal_tim_ex.o(i.HAL_TIMEx_MasterConfigSynchronization)
    i.HAL_TIM_Base_Init                      0x08001fe2   Section        0  stm32f1xx_hal_tim.o(i.HAL_TIM_Base_Init)
    i.HAL_TIM_Base_MspInit                   0x08002018   Section        0  stm32f1xx_hal_msp.o(i.HAL_TIM_Base_MspInit)
    i.HAL_TIM_Base_Start                     0x0800203c   Section        0  stm32f1xx_hal_tim.o(i.HAL_TIM_Base_Start)
    i.HAL_TIM_ConfigClockSource              0x08002060   Section        0  stm32f1xx_hal_tim.o(i.HAL_TIM_ConfigClockSource)
    i.HAL_UART_ErrorCallback                 0x08002136   Section        0  stm32f1xx_hal_uart.o(i.HAL_UART_ErrorCallback)
    i.HAL_UART_MspInit                       0x08002138   Section        0  stm32f1xx_hal_msp.o(i.HAL_UART_MspInit)
    i.HAL_UART_Receive_DMA                   0x080021d8   Section        0  stm32f1xx_hal_uart.o(i.HAL_UART_Receive_DMA)
    i.HAL_UART_RxCpltCallback                0x08002270   Section        0  main.o(i.HAL_UART_RxCpltCallback)
    i.HAL_UART_RxHalfCpltCallback            0x080022a4   Section        0  stm32f1xx_hal_uart.o(i.HAL_UART_RxHalfCpltCallback)
    i.HAL_UART_Transmit                      0x080022a6   Section        0  stm32f1xx_hal_uart.o(i.HAL_UART_Transmit)
    i.HardFault_Handler                      0x08002360   Section        0  stm32f1xx_it.o(i.HardFault_Handler)
    i.I2C_IsAcknowledgeFailed                0x08002362   Section        0  stm32f1xx_hal_i2c.o(i.I2C_IsAcknowledgeFailed)
    I2C_IsAcknowledgeFailed                  0x08002363   Thumb Code    46  stm32f1xx_hal_i2c.o(i.I2C_IsAcknowledgeFailed)
    i.I2C_MasterRequestRead                  0x08002390   Section        0  stm32f1xx_hal_i2c.o(i.I2C_MasterRequestRead)
    I2C_MasterRequestRead                    0x08002391   Thumb Code   212  stm32f1xx_hal_i2c.o(i.I2C_MasterRequestRead)
    i.I2C_MasterRequestWrite                 0x08002464   Section        0  stm32f1xx_hal_i2c.o(i.I2C_MasterRequestWrite)
    I2C_MasterRequestWrite                   0x08002465   Thumb Code   132  stm32f1xx_hal_i2c.o(i.I2C_MasterRequestWrite)
    i.I2C_RequestMemoryWrite                 0x080024ec   Section        0  stm32f1xx_hal_i2c.o(i.I2C_RequestMemoryWrite)
    I2C_RequestMemoryWrite                   0x080024ed   Thumb Code   144  stm32f1xx_hal_i2c.o(i.I2C_RequestMemoryWrite)
    i.I2C_WaitOnBTFFlagUntilTimeout          0x08002580   Section        0  stm32f1xx_hal_i2c.o(i.I2C_WaitOnBTFFlagUntilTimeout)
    I2C_WaitOnBTFFlagUntilTimeout            0x08002581   Thumb Code    76  stm32f1xx_hal_i2c.o(i.I2C_WaitOnBTFFlagUntilTimeout)
    i.I2C_WaitOnFlagUntilTimeout             0x080025cc   Section        0  stm32f1xx_hal_i2c.o(i.I2C_WaitOnFlagUntilTimeout)
    I2C_WaitOnFlagUntilTimeout               0x080025cd   Thumb Code   104  stm32f1xx_hal_i2c.o(i.I2C_WaitOnFlagUntilTimeout)
    i.I2C_WaitOnMasterAddressFlagUntilTimeout 0x08002634   Section        0  stm32f1xx_hal_i2c.o(i.I2C_WaitOnMasterAddressFlagUntilTimeout)
    I2C_WaitOnMasterAddressFlagUntilTimeout  0x08002635   Thumb Code   150  stm32f1xx_hal_i2c.o(i.I2C_WaitOnMasterAddressFlagUntilTimeout)
    i.I2C_WaitOnRXNEFlagUntilTimeout         0x080026ca   Section        0  stm32f1xx_hal_i2c.o(i.I2C_WaitOnRXNEFlagUntilTimeout)
    I2C_WaitOnRXNEFlagUntilTimeout           0x080026cb   Thumb Code   102  stm32f1xx_hal_i2c.o(i.I2C_WaitOnRXNEFlagUntilTimeout)
    i.I2C_WaitOnTXEFlagUntilTimeout          0x08002730   Section        0  stm32f1xx_hal_i2c.o(i.I2C_WaitOnTXEFlagUntilTimeout)
    I2C_WaitOnTXEFlagUntilTimeout            0x08002731   Thumb Code    76  stm32f1xx_hal_i2c.o(i.I2C_WaitOnTXEFlagUntilTimeout)
    i.MX_ADC1_Init                           0x0800277c   Section        0  main.o(i.MX_ADC1_Init)
    MX_ADC1_Init                             0x0800277d   Thumb Code    86  main.o(i.MX_ADC1_Init)
    i.MX_GPIO_Init                           0x080027dc   Section        0  main.o(i.MX_GPIO_Init)
    MX_GPIO_Init                             0x080027dd   Thumb Code   154  main.o(i.MX_GPIO_Init)
    i.MX_TIM2_Init                           0x08002888   Section        0  main.o(i.MX_TIM2_Init)
    MX_TIM2_Init                             0x08002889   Thumb Code   102  main.o(i.MX_TIM2_Init)
    i.MemManage_Handler                      0x080028f4   Section        0  stm32f1xx_it.o(i.MemManage_Handler)
    i.NMI_Handler                            0x080028f6   Section        0  stm32f1xx_it.o(i.NMI_Handler)
    i.StartDefaultTask                       0x080028f8   Section        0  main.o(i.StartDefaultTask)
    i.StartJoystickTask                      0x08002b38   Section        0  main.o(i.StartJoystickTask)
    i.SysTick_Handler                        0x08002cc4   Section        0  stm32f1xx_it.o(i.SysTick_Handler)
    i.SystemClock_Config                     0x08002cdc   Section        0  main.o(i.SystemClock_Config)
    i.SystemInit                             0x08002d40   Section        0  system_stm32f1xx.o(i.SystemInit)
    i.TIM_Base_SetConfig                     0x08002d88   Section        0  stm32f1xx_hal_tim.o(i.TIM_Base_SetConfig)
    i.TIM_ETR_SetConfig                      0x08002df4   Section        0  stm32f1xx_hal_tim.o(i.TIM_ETR_SetConfig)
    i.TIM_ITRx_SetConfig                     0x08002e08   Section        0  stm32f1xx_hal_tim.o(i.TIM_ITRx_SetConfig)
    TIM_ITRx_SetConfig                       0x08002e09   Thumb Code    16  stm32f1xx_hal_tim.o(i.TIM_ITRx_SetConfig)
    i.TIM_TI1_ConfigInputStage               0x08002e18   Section        0  stm32f1xx_hal_tim.o(i.TIM_TI1_ConfigInputStage)
    TIM_TI1_ConfigInputStage                 0x08002e19   Thumb Code    34  stm32f1xx_hal_tim.o(i.TIM_TI1_ConfigInputStage)
    i.TIM_TI2_ConfigInputStage               0x08002e3a   Section        0  stm32f1xx_hal_tim.o(i.TIM_TI2_ConfigInputStage)
    TIM_TI2_ConfigInputStage                 0x08002e3b   Thumb Code    36  stm32f1xx_hal_tim.o(i.TIM_TI2_ConfigInputStage)
    i.UART_DMAError                          0x08002e5e   Section        0  stm32f1xx_hal_uart.o(i.UART_DMAError)
    UART_DMAError                            0x08002e5f   Thumb Code    74  stm32f1xx_hal_uart.o(i.UART_DMAError)
    i.UART_DMAReceiveCplt                    0x08002ea8   Section        0  stm32f1xx_hal_uart.o(i.UART_DMAReceiveCplt)
    UART_DMAReceiveCplt                      0x08002ea9   Thumb Code    60  stm32f1xx_hal_uart.o(i.UART_DMAReceiveCplt)
    i.UART_DMARxHalfCplt                     0x08002ee4   Section        0  stm32f1xx_hal_uart.o(i.UART_DMARxHalfCplt)
    UART_DMARxHalfCplt                       0x08002ee5   Thumb Code    10  stm32f1xx_hal_uart.o(i.UART_DMARxHalfCplt)
    i.UART_EndRxTransfer                     0x08002eee   Section        0  stm32f1xx_hal_uart.o(i.UART_EndRxTransfer)
    UART_EndRxTransfer                       0x08002eef   Thumb Code    28  stm32f1xx_hal_uart.o(i.UART_EndRxTransfer)
    i.UART_EndTxTransfer                     0x08002f0a   Section        0  stm32f1xx_hal_uart.o(i.UART_EndTxTransfer)
    UART_EndTxTransfer                       0x08002f0b   Thumb Code    18  stm32f1xx_hal_uart.o(i.UART_EndTxTransfer)
    i.UART_SetConfig                         0x08002f1c   Section        0  stm32f1xx_hal_uart.o(i.UART_SetConfig)
    UART_SetConfig                           0x08002f1d   Thumb Code   178  stm32f1xx_hal_uart.o(i.UART_SetConfig)
    i.UART_WaitOnFlagUntilTimeout            0x08002fd4   Section        0  stm32f1xx_hal_uart.o(i.UART_WaitOnFlagUntilTimeout)
    UART_WaitOnFlagUntilTimeout              0x08002fd5   Thumb Code   100  stm32f1xx_hal_uart.o(i.UART_WaitOnFlagUntilTimeout)
    i.UsageFault_Handler                     0x08003038   Section        0  stm32f1xx_it.o(i.UsageFault_Handler)
    i.__0sprintf                             0x0800303c   Section        0  printfa.o(i.__0sprintf)
    i.__NVIC_SetPriority                     0x08003064   Section        0  stm32f1xx_hal_cortex.o(i.__NVIC_SetPriority)
    __NVIC_SetPriority                       0x08003065   Thumb Code    32  stm32f1xx_hal_cortex.o(i.__NVIC_SetPriority)
    i.__scatterload_copy                     0x08003084   Section       14  handlers.o(i.__scatterload_copy)
    i.__scatterload_null                     0x08003092   Section        2  handlers.o(i.__scatterload_null)
    i.__scatterload_zeroinit                 0x08003094   Section       14  handlers.o(i.__scatterload_zeroinit)
    i._fp_digits                             0x080030a4   Section        0  printfa.o(i._fp_digits)
    _fp_digits                               0x080030a5   Thumb Code   366  printfa.o(i._fp_digits)
    i._printf_core                           0x08003228   Section        0  printfa.o(i._printf_core)
    _printf_core                             0x08003229   Thumb Code  1744  printfa.o(i._printf_core)
    i._printf_post_padding                   0x08003904   Section        0  printfa.o(i._printf_post_padding)
    _printf_post_padding                     0x08003905   Thumb Code    36  printfa.o(i._printf_post_padding)
    i._printf_pre_padding                    0x08003928   Section        0  printfa.o(i._printf_pre_padding)
    _printf_pre_padding                      0x08003929   Thumb Code    46  printfa.o(i._printf_pre_padding)
    i._sputc                                 0x08003956   Section        0  printfa.o(i._sputc)
    _sputc                                   0x08003957   Thumb Code    10  printfa.o(i._sputc)
    i.get_Day_Of_Week                        0x08003960   Section        0  ds1307.o(i.get_Day_Of_Week)
    i.main                                   0x080039e0   Section        0  main.o(i.main)
    i.makeFreeRtosPriority                   0x08003afc   Section        0  cmsis_os.o(i.makeFreeRtosPriority)
    makeFreeRtosPriority                     0x08003afd   Thumb Code    12  cmsis_os.o(i.makeFreeRtosPriority)
    i.osDelay                                0x08003b08   Section        0  cmsis_os.o(i.osDelay)
    i.osKernelStart                          0x08003b16   Section        0  cmsis_os.o(i.osKernelStart)
    i.osThreadCreate                         0x08003b20   Section        0  cmsis_os.o(i.osThreadCreate)
    i.prvAddCurrentTaskToDelayedList         0x08003b50   Section        0  tasks.o(i.prvAddCurrentTaskToDelayedList)
    prvAddCurrentTaskToDelayedList           0x08003b51   Thumb Code   102  tasks.o(i.prvAddCurrentTaskToDelayedList)
    i.prvAddNewTaskToReadyList               0x08003bc0   Section        0  tasks.o(i.prvAddNewTaskToReadyList)
    prvAddNewTaskToReadyList                 0x08003bc1   Thumb Code   194  tasks.o(i.prvAddNewTaskToReadyList)
    i.prvCopyDataToQueue                     0x08003c90   Section        0  queue.o(i.prvCopyDataToQueue)
    prvCopyDataToQueue                       0x08003c91   Thumb Code   108  queue.o(i.prvCopyDataToQueue)
    i.prvDeleteTCB                           0x08003cfc   Section        0  tasks.o(i.prvDeleteTCB)
    prvDeleteTCB                             0x08003cfd   Thumb Code    20  tasks.o(i.prvDeleteTCB)
    i.prvHeapInit                            0x08003d10   Section        0  heap_4.o(i.prvHeapInit)
    prvHeapInit                              0x08003d11   Thumb Code    66  heap_4.o(i.prvHeapInit)
    i.prvIdleTask                            0x08003d5c   Section        0  tasks.o(i.prvIdleTask)
    prvIdleTask                              0x08003d5d   Thumb Code    82  tasks.o(i.prvIdleTask)
    i.prvInitialiseNewTask                   0x08003dbc   Section        0  tasks.o(i.prvInitialiseNewTask)
    prvInitialiseNewTask                     0x08003dbd   Thumb Code   142  tasks.o(i.prvInitialiseNewTask)
    i.prvInsertBlockIntoFreeList             0x08003e4c   Section        0  heap_4.o(i.prvInsertBlockIntoFreeList)
    prvInsertBlockIntoFreeList               0x08003e4d   Thumb Code    72  heap_4.o(i.prvInsertBlockIntoFreeList)
    i.prvResetNextTaskUnblockTime            0x08003e98   Section        0  tasks.o(i.prvResetNextTaskUnblockTime)
    prvResetNextTaskUnblockTime              0x08003e99   Thumb Code    26  tasks.o(i.prvResetNextTaskUnblockTime)
    i.prvTaskExitError                       0x08003eb8   Section        0  port.o(i.prvTaskExitError)
    prvTaskExitError                         0x08003eb9   Thumb Code    36  port.o(i.prvTaskExitError)
    i.prvUnlockQueue                         0x08003ee0   Section        0  queue.o(i.prvUnlockQueue)
    prvUnlockQueue                           0x08003ee1   Thumb Code   106  queue.o(i.prvUnlockQueue)
    i.pvPortMalloc                           0x08003f4c   Section        0  heap_4.o(i.pvPortMalloc)
    i.pxPortInitialiseStack                  0x08004024   Section        0  port.o(i.pxPortInitialiseStack)
    i.ssd1306_DrawLuxIcon                    0x08004048   Section        0  ssd1306.o(i.ssd1306_DrawLuxIcon)
    i.ssd1306_DrawPixel                      0x08004108   Section        0  ssd1306.o(i.ssd1306_DrawPixel)
    i.ssd1306_Fill                           0x08004148   Section        0  ssd1306.o(i.ssd1306_Fill)
    i.ssd1306_Init                           0x08004168   Section        0  ssd1306.o(i.ssd1306_Init)
    i.ssd1306_SetCursor                      0x08004238   Section        0  ssd1306.o(i.ssd1306_SetCursor)
    i.ssd1306_UpdateScreen                   0x08004244   Section        0  ssd1306.o(i.ssd1306_UpdateScreen)
    i.ssd1306_WriteChar                      0x08004290   Section        0  ssd1306.o(i.ssd1306_WriteChar)
    i.ssd1306_WriteCommand                   0x0800432c   Section        0  ssd1306.o(i.ssd1306_WriteCommand)
    ssd1306_WriteCommand                     0x0800432d   Thumb Code    30  ssd1306.o(i.ssd1306_WriteCommand)
    i.ssd1306_WriteString                    0x08004350   Section        0  ssd1306.o(i.ssd1306_WriteString)
    i.uxListRemove                           0x0800437c   Section        0  list.o(i.uxListRemove)
    i.vListInitialise                        0x080043a2   Section        0  list.o(i.vListInitialise)
    i.vListInitialiseItem                    0x080043b8   Section        0  list.o(i.vListInitialiseItem)
    i.vListInsert                            0x080043be   Section        0  list.o(i.vListInsert)
    i.vListInsertEnd                         0x080043ee   Section        0  list.o(i.vListInsertEnd)
    i.vPortEnterCritical                     0x08004408   Section        0  port.o(i.vPortEnterCritical)
    i.vPortExitCritical                      0x08004448   Section        0  port.o(i.vPortExitCritical)
    i.vPortFree                              0x08004470   Section        0  heap_4.o(i.vPortFree)
    i.vPortSetupTimerInterrupt               0x080044cc   Section        0  port.o(i.vPortSetupTimerInterrupt)
    i.vTaskDelay                             0x080044f0   Section        0  tasks.o(i.vTaskDelay)
    i.vTaskInternalSetTimeOutState           0x0800453c   Section        0  tasks.o(i.vTaskInternalSetTimeOutState)
    i.vTaskMissedYield                       0x0800454c   Section        0  tasks.o(i.vTaskMissedYield)
    i.vTaskPlaceOnEventList                  0x08004558   Section        0  tasks.o(i.vTaskPlaceOnEventList)
    i.vTaskStartScheduler                    0x08004588   Section        0  tasks.o(i.vTaskStartScheduler)
    i.vTaskSuspendAll                        0x080045f0   Section        0  tasks.o(i.vTaskSuspendAll)
    i.vTaskSwitchContext                     0x08004600   Section        0  tasks.o(i.vTaskSwitchContext)
    i.xPortStartScheduler                    0x0800465c   Section        0  port.o(i.xPortStartScheduler)
    i.xPortSysTickHandler                    0x08004704   Section        0  port.o(i.xPortSysTickHandler)
    i.xQueueCreateMutex                      0x08004730   Section        0  queue.o(i.xQueueCreateMutex)
    i.xQueueGenericCreate                    0x08004754   Section        0  queue.o(i.xQueueGenericCreate)
    i.xQueueGenericReset                     0x0800479c   Section        0  queue.o(i.xQueueGenericReset)
    i.xQueueGenericSend                      0x08004824   Section        0  queue.o(i.xQueueGenericSend)
    i.xTaskCheckForTimeOut                   0x08004984   Section        0  tasks.o(i.xTaskCheckForTimeOut)
    i.xTaskCreate                            0x080049f8   Section        0  tasks.o(i.xTaskCreate)
    i.xTaskGetSchedulerState                 0x08004a50   Section        0  tasks.o(i.xTaskGetSchedulerState)
    i.xTaskIncrementTick                     0x08004a6c   Section        0  tasks.o(i.xTaskIncrementTick)
    i.xTaskPriorityDisinherit                0x08004b34   Section        0  tasks.o(i.xTaskPriorityDisinherit)
    i.xTaskRemoveFromEventList               0x08004bcc   Section        0  tasks.o(i.xTaskRemoveFromEventList)
    i.xTaskResumeAll                         0x08004c40   Section        0  tasks.o(i.xTaskResumeAll)
    .constdata                               0x08004d04   Section     1900  fonts.o(.constdata)
    Font7x10                                 0x08004d04   Data        1900  fonts.o(.constdata)
    .constdata                               0x08005470   Section     3420  fonts.o(.constdata)
    Font11x18                                0x08005470   Data        3420  fonts.o(.constdata)
    .constdata                               0x080061cc   Section       40  main.o(.constdata)
    .constdata                               0x080061f4   Section       16  system_stm32f1xx.o(.constdata)
    .constdata                               0x08006204   Section        8  system_stm32f1xx.o(.constdata)
    .conststring                             0x0800620c   Section       28  main.o(.conststring)
    .data                                    0x20000000   Section        6  ssd1306.o(.data)
    SSD1306                                  0x20000000   Data           6  ssd1306.o(.data)
    .data                                    0x20000008   Section        8  fonts.o(.data)
    .data                                    0x20000010   Section        8  fonts.o(.data)
    .data                                    0x20000018   Section        2  bh1750.o(.data)
    .data                                    0x2000001c   Section       28  main.o(.data)
    .data                                    0x20000038   Section       12  stm32f1xx_hal.o(.data)
    .data                                    0x20000044   Section        4  system_stm32f1xx.o(.data)
    .data                                    0x20000048   Section       60  tasks.o(.data)
    pxDelayedTaskList                        0x2000004c   Data           4  tasks.o(.data)
    pxOverflowDelayedTaskList                0x20000050   Data           4  tasks.o(.data)
    uxDeletedTasksWaitingCleanUp             0x20000054   Data           4  tasks.o(.data)
    uxCurrentNumberOfTasks                   0x20000058   Data           4  tasks.o(.data)
    xTickCount                               0x2000005c   Data           4  tasks.o(.data)
    uxTopReadyPriority                       0x20000060   Data           4  tasks.o(.data)
    xSchedulerRunning                        0x20000064   Data           4  tasks.o(.data)
    uxPendedTicks                            0x20000068   Data           4  tasks.o(.data)
    xYieldPending                            0x2000006c   Data           4  tasks.o(.data)
    xNumOfOverflows                          0x20000070   Data           4  tasks.o(.data)
    uxTaskNumber                             0x20000074   Data           4  tasks.o(.data)
    xNextTaskUnblockTime                     0x20000078   Data           4  tasks.o(.data)
    xIdleTaskHandle                          0x2000007c   Data           4  tasks.o(.data)
    uxSchedulerSuspended                     0x20000080   Data           4  tasks.o(.data)
    .data                                    0x20000084   Section       24  heap_4.o(.data)
    pxEnd                                    0x20000084   Data           4  heap_4.o(.data)
    xFreeBytesRemaining                      0x20000088   Data           4  heap_4.o(.data)
    xMinimumEverFreeBytesRemaining           0x2000008c   Data           4  heap_4.o(.data)
    xBlockAllocatedBit                       0x20000090   Data           4  heap_4.o(.data)
    xStart                                   0x20000094   Data           8  heap_4.o(.data)
    .data                                    0x2000009c   Section       12  port.o(.data)
    ucMaxSysCallPriority                     0x2000009c   Data           1  port.o(.data)
    uxCriticalNesting                        0x200000a0   Data           4  port.o(.data)
    ulMaxPRIGROUPValue                       0x200000a4   Data           4  port.o(.data)
    .bss                                     0x200000a8   Section     1024  ssd1306.o(.bss)
    SSD1306_Buffer                           0x200000a8   Data        1024  ssd1306.o(.bss)
    .bss                                     0x200004a8   Section      283  main.o(.bss)
    .bss                                     0x200005c4   Section       68  main.o(.bss)
    .bss                                     0x20000608   Section       68  main.o(.bss)
    .bss                                     0x2000064c   Section      240  tasks.o(.bss)
    pxReadyTasksLists                        0x2000064c   Data         140  tasks.o(.bss)
    xDelayedTaskList1                        0x200006d8   Data          20  tasks.o(.bss)
    xDelayedTaskList2                        0x200006ec   Data          20  tasks.o(.bss)
    xPendingReadyList                        0x20000700   Data          20  tasks.o(.bss)
    xTasksWaitingTermination                 0x20000714   Data          20  tasks.o(.bss)
    xSuspendedTaskList                       0x20000728   Data          20  tasks.o(.bss)
    .bss                                     0x2000073c   Section     3072  heap_4.o(.bss)
    ucHeap                                   0x2000073c   Data        3072  heap_4.o(.bss)
    STACK                                    0x20001340   Section     1024  startup_stm32f103xb.o(STACK)

    Global Symbols

    Symbol Name                              Value     Ov Type        Size  Object(Section)

    BuildAttributes$$THM_ISAv4$P$D$K$B$S$PE$A:L22UL41UL21$X:L11$S22US41US21$IEEE1$IW$USESV6$~STKCKD$USESV7$~SHL$OTIME$ROPI$EBA8$MICROLIB$REQ8$PRES8$EABIv2 0x00000000   Number         0  anon$$obj.o ABSOLUTE
    __ARM_use_no_argv                        0x00000000   Number         0  main.o ABSOLUTE
    _printf_a                                0x00000000   Number         0  stubs.o ABSOLUTE
    _printf_c                                0x00000000   Number         0  stubs.o ABSOLUTE
    _printf_charcount                        0x00000000   Number         0  stubs.o ABSOLUTE
    _printf_d                                0x00000000   Number         0  stubs.o ABSOLUTE
    _printf_e                                0x00000000   Number         0  stubs.o ABSOLUTE
    _printf_f                                0x00000000   Number         0  stubs.o ABSOLUTE
    _printf_flags                            0x00000000   Number         0  stubs.o ABSOLUTE
    _printf_fp_dec                           0x00000000   Number         0  stubs.o ABSOLUTE
    _printf_fp_hex                           0x00000000   Number         0  stubs.o ABSOLUTE
    _printf_g                                0x00000000   Number         0  stubs.o ABSOLUTE
    _printf_i                                0x00000000   Number         0  stubs.o ABSOLUTE
    _printf_int_dec                          0x00000000   Number         0  stubs.o ABSOLUTE
    _printf_l                                0x00000000   Number         0  stubs.o ABSOLUTE
    _printf_lc                               0x00000000   Number         0  stubs.o ABSOLUTE
    _printf_ll                               0x00000000   Number         0  stubs.o ABSOLUTE
    _printf_lld                              0x00000000   Number         0  stubs.o ABSOLUTE
    _printf_lli                              0x00000000   Number         0  stubs.o ABSOLUTE
    _printf_llo                              0x00000000   Number         0  stubs.o ABSOLUTE
    _printf_llu                              0x00000000   Number         0  stubs.o ABSOLUTE
    _printf_llx                              0x00000000   Number         0  stubs.o ABSOLUTE
    _printf_longlong_dec                     0x00000000   Number         0  stubs.o ABSOLUTE
    _printf_longlong_hex                     0x00000000   Number         0  stubs.o ABSOLUTE
    _printf_longlong_oct                     0x00000000   Number         0  stubs.o ABSOLUTE
    _printf_ls                               0x00000000   Number         0  stubs.o ABSOLUTE
    _printf_mbtowc                           0x00000000   Number         0  stubs.o ABSOLUTE
    _printf_n                                0x00000000   Number         0  stubs.o ABSOLUTE
    _printf_o                                0x00000000   Number         0  stubs.o ABSOLUTE
    _printf_p                                0x00000000   Number         0  stubs.o ABSOLUTE
    _printf_percent                          0x00000000   Number         0  stubs.o ABSOLUTE
    _printf_pre_padding                      0x00000000   Number         0  stubs.o ABSOLUTE
    _printf_return_value                     0x00000000   Number         0  stubs.o ABSOLUTE
    _printf_s                                0x00000000   Number         0  stubs.o ABSOLUTE
    _printf_sizespec                         0x00000000   Number         0  stubs.o ABSOLUTE
    _printf_str                              0x00000000   Number         0  stubs.o ABSOLUTE
    _printf_truncate_signed                  0x00000000   Number         0  stubs.o ABSOLUTE
    _printf_truncate_unsigned                0x00000000   Number         0  stubs.o ABSOLUTE
    _printf_u                                0x00000000   Number         0  stubs.o ABSOLUTE
    _printf_wc                               0x00000000   Number         0  stubs.o ABSOLUTE
    _printf_wctomb                           0x00000000   Number         0  stubs.o ABSOLUTE
    _printf_widthprec                        0x00000000   Number         0  stubs.o ABSOLUTE
    _printf_x                                0x00000000   Number         0  stubs.o ABSOLUTE
    __cpp_initialize__aeabi_                  - Undefined Weak Reference
    __cxa_finalize                            - Undefined Weak Reference
    __decompress                              - Undefined Weak Reference
    _clock_init                               - Undefined Weak Reference
    _microlib_exit                            - Undefined Weak Reference
    __Vectors_Size                           0x000000ec   Number         0  startup_stm32f103xb.o ABSOLUTE
    __Vectors                                0x08000000   Data           4  startup_stm32f103xb.o(RESET)
    __Vectors_End                            0x080000ec   Data           0  startup_stm32f103xb.o(RESET)
    __main                                   0x080000ed   Thumb Code     0  entry.o(.ARM.Collect$$$$00000000)
    _main_stk                                0x080000ed   Thumb Code     0  entry2.o(.ARM.Collect$$$$00000001)
    _main_scatterload                        0x080000f1   Thumb Code     0  entry5.o(.ARM.Collect$$$$00000004)
    __main_after_scatterload                 0x080000f5   Thumb Code     0  entry5.o(.ARM.Collect$$$$00000004)
    _main_clock                              0x080000f5   Thumb Code     0  entry7b.o(.ARM.Collect$$$$00000008)
    _main_cpp_init                           0x080000f5   Thumb Code     0  entry8b.o(.ARM.Collect$$$$0000000A)
    _main_init                               0x080000f5   Thumb Code     0  entry9a.o(.ARM.Collect$$$$0000000B)
    __rt_final_cpp                           0x080000fd   Thumb Code     0  entry10a.o(.ARM.Collect$$$$0000000D)
    __rt_final_exit                          0x080000fd   Thumb Code     0  entry11a.o(.ARM.Collect$$$$0000000F)
    SVC_Handler                              0x08000101   Thumb Code    32  port.o(.emb_text)
    __asm___6_port_c_39a90d8d__prvStartFirstTask 0x08000125   Thumb Code    28  port.o(.emb_text)
    PendSV_Handler                           0x08000145   Thumb Code    72  port.o(.emb_text)
    vPortGetIPSR                             0x08000191   Thumb Code     6  port.o(.emb_text)
    Reset_Handler                            0x08000199   Thumb Code     8  startup_stm32f103xb.o(.text)
    ADC1_2_IRQHandler                        0x080001b3   Thumb Code     0  startup_stm32f103xb.o(.text)
    CAN1_RX1_IRQHandler                      0x080001b3   Thumb Code     0  startup_stm32f103xb.o(.text)
    CAN1_SCE_IRQHandler                      0x080001b3   Thumb Code     0  startup_stm32f103xb.o(.text)
    DMA1_Channel2_IRQHandler                 0x080001b3   Thumb Code     0  startup_stm32f103xb.o(.text)
    DMA1_Channel3_IRQHandler                 0x080001b3   Thumb Code     0  startup_stm32f103xb.o(.text)
    DMA1_Channel4_IRQHandler                 0x080001b3   Thumb Code     0  startup_stm32f103xb.o(.text)
    DMA1_Channel6_IRQHandler                 0x080001b3   Thumb Code     0  startup_stm32f103xb.o(.text)
    DMA1_Channel7_IRQHandler                 0x080001b3   Thumb Code     0  startup_stm32f103xb.o(.text)
    EXTI0_IRQHandler                         0x080001b3   Thumb Code     0  startup_stm32f103xb.o(.text)
    EXTI15_10_IRQHandler                     0x080001b3   Thumb Code     0  startup_stm32f103xb.o(.text)
    EXTI1_IRQHandler                         0x080001b3   Thumb Code     0  startup_stm32f103xb.o(.text)
    EXTI2_IRQHandler                         0x080001b3   Thumb Code     0  startup_stm32f103xb.o(.text)
    EXTI3_IRQHandler                         0x080001b3   Thumb Code     0  startup_stm32f103xb.o(.text)
    EXTI4_IRQHandler                         0x080001b3   Thumb Code     0  startup_stm32f103xb.o(.text)
    EXTI9_5_IRQHandler                       0x080001b3   Thumb Code     0  startup_stm32f103xb.o(.text)
    FLASH_IRQHandler                         0x080001b3   Thumb Code     0  startup_stm32f103xb.o(.text)
    I2C1_ER_IRQHandler                       0x080001b3   Thumb Code     0  startup_stm32f103xb.o(.text)
    I2C1_EV_IRQHandler                       0x080001b3   Thumb Code     0  startup_stm32f103xb.o(.text)
    I2C2_ER_IRQHandler                       0x080001b3   Thumb Code     0  startup_stm32f103xb.o(.text)
    I2C2_EV_IRQHandler                       0x080001b3   Thumb Code     0  startup_stm32f103xb.o(.text)
    PVD_IRQHandler                           0x080001b3   Thumb Code     0  startup_stm32f103xb.o(.text)
    RCC_IRQHandler                           0x080001b3   Thumb Code     0  startup_stm32f103xb.o(.text)
    RTC_Alarm_IRQHandler                     0x080001b3   Thumb Code     0  startup_stm32f103xb.o(.text)
    RTC_IRQHandler                           0x080001b3   Thumb Code     0  startup_stm32f103xb.o(.text)
    SPI1_IRQHandler                          0x080001b3   Thumb Code     0  startup_stm32f103xb.o(.text)
    SPI2_IRQHandler                          0x080001b3   Thumb Code     0  startup_stm32f103xb.o(.text)
    TAMPER_IRQHandler                        0x080001b3   Thumb Code     0  startup_stm32f103xb.o(.text)
    TIM1_BRK_IRQHandler                      0x080001b3   Thumb Code     0  startup_stm32f103xb.o(.text)
    TIM1_CC_IRQHandler                       0x080001b3   Thumb Code     0  startup_stm32f103xb.o(.text)
    TIM1_TRG_COM_IRQHandler                  0x080001b3   Thumb Code     0  startup_stm32f103xb.o(.text)
    TIM1_UP_IRQHandler                       0x080001b3   Thumb Code     0  startup_stm32f103xb.o(.text)
    TIM2_IRQHandler                          0x080001b3   Thumb Code     0  startup_stm32f103xb.o(.text)
    TIM3_IRQHandler                          0x080001b3   Thumb Code     0  startup_stm32f103xb.o(.text)
    TIM4_IRQHandler                          0x080001b3   Thumb Code     0  startup_stm32f103xb.o(.text)
    USART1_IRQHandler                        0x080001b3   Thumb Code     0  startup_stm32f103xb.o(.text)
    USART2_IRQHandler                        0x080001b3   Thumb Code     0  startup_stm32f103xb.o(.text)
    USART3_IRQHandler                        0x080001b3   Thumb Code     0  startup_stm32f103xb.o(.text)
    USBWakeUp_IRQHandler                     0x080001b3   Thumb Code     0  startup_stm32f103xb.o(.text)
    USB_HP_CAN1_TX_IRQHandler                0x080001b3   Thumb Code     0  startup_stm32f103xb.o(.text)
    USB_LP_CAN1_RX0_IRQHandler               0x080001b3   Thumb Code     0  startup_stm32f103xb.o(.text)
    WWDG_IRQHandler                          0x080001b3   Thumb Code     0  startup_stm32f103xb.o(.text)
    __aeabi_llsr                             0x080001bd   Thumb Code    32  llushr.o(.text)
    _ll_ushift_r                             0x080001bd   Thumb Code     0  llushr.o(.text)
    __aeabi_memcpy                           0x080001dd   Thumb Code    36  memcpya.o(.text)
    __aeabi_memcpy4                          0x080001dd   Thumb Code     0  memcpya.o(.text)
    __aeabi_memcpy8                          0x080001dd   Thumb Code     0  memcpya.o(.text)
    __aeabi_memset                           0x08000201   Thumb Code    14  memseta.o(.text)
    __aeabi_memset4                          0x08000201   Thumb Code     0  memseta.o(.text)
    __aeabi_memset8                          0x08000201   Thumb Code     0  memseta.o(.text)
    __aeabi_memclr                           0x0800020f   Thumb Code     4  memseta.o(.text)
    __aeabi_memclr4                          0x0800020f   Thumb Code     0  memseta.o(.text)
    __aeabi_memclr8                          0x0800020f   Thumb Code     0  memseta.o(.text)
    memset                                   0x08000213   Thumb Code    18  memseta.o(.text)
    __aeabi_ddiv                             0x08000225   Thumb Code   222  ddiv.o(.text)
    __aeabi_ui2d                             0x08000303   Thumb Code    26  dfltui.o(.text)
    __aeabi_d2uiz                            0x0800031d   Thumb Code    50  dfixui.o(.text)
    __aeabi_uidiv                            0x0800034f   Thumb Code     0  uidiv.o(.text)
    __aeabi_uidivmod                         0x0800034f   Thumb Code    44  uidiv.o(.text)
    __aeabi_uldivmod                         0x0800037b   Thumb Code    98  uldiv.o(.text)
    __I$use$fp                               0x080003dd   Thumb Code     0  iusefp.o(.text)
    _double_round                            0x080003dd   Thumb Code    30  depilogue.o(.text)
    _double_epilogue                         0x080003fb   Thumb Code   156  depilogue.o(.text)
    __aeabi_dadd                             0x08000497   Thumb Code   322  dadd.o(.text)
    __aeabi_dsub                             0x080005d9   Thumb Code     6  dadd.o(.text)
    __aeabi_drsub                            0x080005df   Thumb Code     6  dadd.o(.text)
    __aeabi_dmul                             0x080005e5   Thumb Code   228  dmul.o(.text)
    __aeabi_d2ulz                            0x080006c9   Thumb Code    48  dfixul.o(.text)
    __aeabi_cdrcmple                         0x080006f9   Thumb Code    48  cdrcmple.o(.text)
    __scatterload                            0x08000729   Thumb Code    28  init.o(.text)
    __scatterload_rt2                        0x08000729   Thumb Code     0  init.o(.text)
    __aeabi_llsl                             0x0800074d   Thumb Code    30  llshl.o(.text)
    _ll_shift_l                              0x0800074d   Thumb Code     0  llshl.o(.text)
    __aeabi_lasr                             0x0800076b   Thumb Code    36  llsshr.o(.text)
    _ll_sshift_r                             0x0800076b   Thumb Code     0  llsshr.o(.text)
    ADC_ConversionStop_Disable               0x08000791   Thumb Code    76  stm32f1xx_hal_adc.o(i.ADC_ConversionStop_Disable)
    ADC_DMAConvCplt                          0x080007dd   Thumb Code    78  stm32f1xx_hal_adc.o(i.ADC_DMAConvCplt)
    ADC_DMAError                             0x0800082b   Thumb Code    26  stm32f1xx_hal_adc.o(i.ADC_DMAError)
    ADC_DMAHalfConvCplt                      0x08000845   Thumb Code    10  stm32f1xx_hal_adc.o(i.ADC_DMAHalfConvCplt)
    ADC_Enable                               0x08000851   Thumb Code   104  stm32f1xx_hal_adc.o(i.ADC_Enable)
    BH1750_Init                              0x080008c1   Thumb Code    26  bh1750.o(i.BH1750_Init)
    BH1750_Read                              0x080008e5   Thumb Code    46  bh1750.o(i.BH1750_Read)
    BusFault_Handler                         0x08000921   Thumb Code     2  stm32f1xx_it.o(i.BusFault_Handler)
    ConvertFromInt                           0x08000925   Thumb Code     8  usart_print.o(i.ConvertFromInt)
    ConvertFromIntForTime                    0x08000931   Thumb Code     8  usart_print.o(i.ConvertFromIntForTime)
    DMA1_Channel1_IRQHandler                 0x08000941   Thumb Code     6  stm32f1xx_it.o(i.DMA1_Channel1_IRQHandler)
    DMA1_Channel5_IRQHandler                 0x0800094d   Thumb Code     6  stm32f1xx_it.o(i.DMA1_Channel5_IRQHandler)
    DebugMon_Handler                         0x08000983   Thumb Code     2  stm32f1xx_it.o(i.DebugMon_Handler)
    Error_Handler                            0x08000985   Thumb Code     2  main.o(i.Error_Handler)
    HAL_ADC_ConfigChannel                    0x08000989   Thumb Code   240  stm32f1xx_hal_adc.o(i.HAL_ADC_ConfigChannel)
    HAL_ADC_ConvCpltCallback                 0x08000a85   Thumb Code     2  stm32f1xx_hal_adc.o(i.HAL_ADC_ConvCpltCallback)
    HAL_ADC_ConvHalfCpltCallback             0x08000a87   Thumb Code     2  stm32f1xx_hal_adc.o(i.HAL_ADC_ConvHalfCpltCallback)
    HAL_ADC_ErrorCallback                    0x08000a89   Thumb Code     2  stm32f1xx_hal_adc.o(i.HAL_ADC_ErrorCallback)
    HAL_ADC_Init                             0x08000a8d   Thumb Code   272  stm32f1xx_hal_adc.o(i.HAL_ADC_Init)
    HAL_ADC_MspInit                          0x08000ba9   Thumb Code   120  stm32f1xx_hal_msp.o(i.HAL_ADC_MspInit)
    HAL_ADC_Start_DMA                        0x08000c35   Thumb Code   246  stm32f1xx_hal_adc.o(i.HAL_ADC_Start_DMA)
    HAL_DMA_IRQHandler                       0x08000d41   Thumb Code   316  stm32f1xx_hal_dma.o(i.HAL_DMA_IRQHandler)
    HAL_DMA_Init                             0x08000e95   Thumb Code    84  stm32f1xx_hal_dma.o(i.HAL_DMA_Init)
    HAL_DMA_Start_IT                         0x08000ef1   Thumb Code   112  stm32f1xx_hal_dma.o(i.HAL_DMA_Start_IT)
    HAL_Delay                                0x08000f61   Thumb Code    32  stm32f1xx_hal.o(i.HAL_Delay)
    HAL_GPIO_Init                            0x08000f85   Thumb Code   446  stm32f1xx_hal_gpio.o(i.HAL_GPIO_Init)
    HAL_GPIO_ReadPin                         0x08001165   Thumb Code    10  stm32f1xx_hal_gpio.o(i.HAL_GPIO_ReadPin)
    HAL_GPIO_TogglePin                       0x0800116f   Thumb Code    14  stm32f1xx_hal_gpio.o(i.HAL_GPIO_TogglePin)
    HAL_GPIO_WritePin                        0x0800117d   Thumb Code    10  stm32f1xx_hal_gpio.o(i.HAL_GPIO_WritePin)
    HAL_GetTick                              0x08001189   Thumb Code     6  stm32f1xx_hal.o(i.HAL_GetTick)
    HAL_I2C_Init                             0x08001195   Thumb Code   356  stm32f1xx_hal_i2c.o(i.HAL_I2C_Init)
    HAL_I2C_Master_Receive                   0x08001309   Thumb Code   512  stm32f1xx_hal_i2c.o(i.HAL_I2C_Master_Receive)
    HAL_I2C_Master_Transmit                  0x08001515   Thumb Code   290  stm32f1xx_hal_i2c.o(i.HAL_I2C_Master_Transmit)
    HAL_I2C_Mem_Write                        0x08001641   Thumb Code   294  stm32f1xx_hal_i2c.o(i.HAL_I2C_Mem_Write)
    HAL_I2C_MspInit                          0x08001771   Thumb Code    80  stm32f1xx_hal_msp.o(i.HAL_I2C_MspInit)
    HAL_IncTick                              0x080017cd   Thumb Code    12  stm32f1xx_hal.o(i.HAL_IncTick)
    HAL_Init                                 0x080017dd   Thumb Code    32  stm32f1xx_hal.o(i.HAL_Init)
    HAL_InitTick                             0x08001801   Thumb Code    54  stm32f1xx_hal.o(i.HAL_InitTick)
    HAL_MspInit                              0x08001841   Thumb Code    62  stm32f1xx_hal_msp.o(i.HAL_MspInit)
    HAL_MultiProcessor_Init                  0x08001889   Thumb Code   142  stm32f1xx_hal_uart.o(i.HAL_MultiProcessor_Init)
    HAL_NVIC_EnableIRQ                       0x08001917   Thumb Code    26  stm32f1xx_hal_cortex.o(i.HAL_NVIC_EnableIRQ)
    HAL_NVIC_SetPriority                     0x08001931   Thumb Code    60  stm32f1xx_hal_cortex.o(i.HAL_NVIC_SetPriority)
    HAL_NVIC_SetPriorityGrouping             0x08001971   Thumb Code    26  stm32f1xx_hal_cortex.o(i.HAL_NVIC_SetPriorityGrouping)
    HAL_RCCEx_PeriphCLKConfig                0x08001995   Thumb Code   224  stm32f1xx_hal_rcc_ex.o(i.HAL_RCCEx_PeriphCLKConfig)
    HAL_RCC_ClockConfig                      0x08001a81   Thumb Code   280  stm32f1xx_hal_rcc.o(i.HAL_RCC_ClockConfig)
    HAL_RCC_GetPCLK1Freq                     0x08001bad   Thumb Code    20  stm32f1xx_hal_rcc.o(i.HAL_RCC_GetPCLK1Freq)
    HAL_RCC_GetPCLK2Freq                     0x08001bcd   Thumb Code    20  stm32f1xx_hal_rcc.o(i.HAL_RCC_GetPCLK2Freq)
    HAL_RCC_GetSysClockFreq                  0x08001bed   Thumb Code    74  stm32f1xx_hal_rcc.o(i.HAL_RCC_GetSysClockFreq)
    HAL_RCC_OscConfig                        0x08001c59   Thumb Code   778  stm32f1xx_hal_rcc.o(i.HAL_RCC_OscConfig)
    HAL_SYSTICK_Config                       0x08001f79   Thumb Code    40  stm32f1xx_hal_cortex.o(i.HAL_SYSTICK_Config)
    HAL_TIMEx_MasterConfigSynchronization    0x08001fa1   Thumb Code    66  stm32f1xx_hal_tim_ex.o(i.HAL_TIMEx_MasterConfigSynchronization)
    HAL_TIM_Base_Init                        0x08001fe3   Thumb Code    54  stm32f1xx_hal_tim.o(i.HAL_TIM_Base_Init)
    HAL_TIM_Base_MspInit                     0x08002019   Thumb Code    30  stm32f1xx_hal_msp.o(i.HAL_TIM_Base_MspInit)
    HAL_TIM_Base_Start                       0x0800203d   Thumb Code    36  stm32f1xx_hal_tim.o(i.HAL_TIM_Base_Start)
    HAL_TIM_ConfigClockSource                0x08002061   Thumb Code   214  stm32f1xx_hal_tim.o(i.HAL_TIM_ConfigClockSource)
    HAL_UART_ErrorCallback                   0x08002137   Thumb Code     2  stm32f1xx_hal_uart.o(i.HAL_UART_ErrorCallback)
    HAL_UART_MspInit                         0x08002139   Thumb Code   138  stm32f1xx_hal_msp.o(i.HAL_UART_MspInit)
    HAL_UART_Receive_DMA                     0x080021d9   Thumb Code   138  stm32f1xx_hal_uart.o(i.HAL_UART_Receive_DMA)
    HAL_UART_RxCpltCallback                  0x08002271   Thumb Code    42  main.o(i.HAL_UART_RxCpltCallback)
    HAL_UART_RxHalfCpltCallback              0x080022a5   Thumb Code     2  stm32f1xx_hal_uart.o(i.HAL_UART_RxHalfCpltCallback)
    HAL_UART_Transmit                        0x080022a7   Thumb Code   186  stm32f1xx_hal_uart.o(i.HAL_UART_Transmit)
    HardFault_Handler                        0x08002361   Thumb Code     2  stm32f1xx_it.o(i.HardFault_Handler)
    MemManage_Handler                        0x080028f5   Thumb Code     2  stm32f1xx_it.o(i.MemManage_Handler)
    NMI_Handler                              0x080028f7   Thumb Code     2  stm32f1xx_it.o(i.NMI_Handler)
    StartDefaultTask                         0x080028f9   Thumb Code   504  main.o(i.StartDefaultTask)
    StartJoystickTask                        0x08002b39   Thumb Code   310  main.o(i.StartJoystickTask)
    SysTick_Handler                          0x08002cc5   Thumb Code    24  stm32f1xx_it.o(i.SysTick_Handler)
    SystemClock_Config                       0x08002cdd   Thumb Code    98  main.o(i.SystemClock_Config)
    SystemInit                               0x08002d41   Thumb Code    56  system_stm32f1xx.o(i.SystemInit)
    TIM_Base_SetConfig                       0x08002d89   Thumb Code    94  stm32f1xx_hal_tim.o(i.TIM_Base_SetConfig)
    TIM_ETR_SetConfig                        0x08002df5   Thumb Code    20  stm32f1xx_hal_tim.o(i.TIM_ETR_SetConfig)
    UsageFault_Handler                       0x08003039   Thumb Code     2  stm32f1xx_it.o(i.UsageFault_Handler)
    __0sprintf                               0x0800303d   Thumb Code    34  printfa.o(i.__0sprintf)
    __1sprintf                               0x0800303d   Thumb Code     0  printfa.o(i.__0sprintf)
    __2sprintf                               0x0800303d   Thumb Code     0  printfa.o(i.__0sprintf)
    __c89sprintf                             0x0800303d   Thumb Code     0  printfa.o(i.__0sprintf)
    sprintf                                  0x0800303d   Thumb Code     0  printfa.o(i.__0sprintf)
    __scatterload_copy                       0x08003085   Thumb Code    14  handlers.o(i.__scatterload_copy)
    __scatterload_null                       0x08003093   Thumb Code     2  handlers.o(i.__scatterload_null)
    __scatterload_zeroinit                   0x08003095   Thumb Code    14  handlers.o(i.__scatterload_zeroinit)
    get_Day_Of_Week                          0x08003961   Thumb Code   128  ds1307.o(i.get_Day_Of_Week)
    main                                     0x080039e1   Thumb Code   254  main.o(i.main)
    osDelay                                  0x08003b09   Thumb Code    14  cmsis_os.o(i.osDelay)
    osKernelStart                            0x08003b17   Thumb Code    10  cmsis_os.o(i.osKernelStart)
    osThreadCreate                           0x08003b21   Thumb Code    46  cmsis_os.o(i.osThreadCreate)
    pvPortMalloc                             0x08003f4d   Thumb Code   210  heap_4.o(i.pvPortMalloc)
    pxPortInitialiseStack                    0x08004025   Thumb Code    32  port.o(i.pxPortInitialiseStack)
    ssd1306_DrawLuxIcon                      0x08004049   Thumb Code   128  ssd1306.o(i.ssd1306_DrawLuxIcon)
    ssd1306_DrawPixel                        0x08004109   Thumb Code    54  ssd1306.o(i.ssd1306_DrawPixel)
    ssd1306_Fill                             0x08004149   Thumb Code    28  ssd1306.o(i.ssd1306_Fill)
    ssd1306_Init                             0x08004169   Thumb Code   202  ssd1306.o(i.ssd1306_Init)
    ssd1306_SetCursor                        0x08004239   Thumb Code     8  ssd1306.o(i.ssd1306_SetCursor)
    ssd1306_UpdateScreen                     0x08004245   Thumb Code    66  ssd1306.o(i.ssd1306_UpdateScreen)
    ssd1306_WriteChar                        0x08004291   Thumb Code   150  ssd1306.o(i.ssd1306_WriteChar)
    ssd1306_WriteString                      0x08004351   Thumb Code    44  ssd1306.o(i.ssd1306_WriteString)
    uxListRemove                             0x0800437d   Thumb Code    38  list.o(i.uxListRemove)
    vListInitialise                          0x080043a3   Thumb Code    22  list.o(i.vListInitialise)
    vListInitialiseItem                      0x080043b9   Thumb Code     6  list.o(i.vListInitialiseItem)
    vListInsert                              0x080043bf   Thumb Code    48  list.o(i.vListInsert)
    vListInsertEnd                           0x080043ef   Thumb Code    24  list.o(i.vListInsertEnd)
    vPortEnterCritical                       0x08004409   Thumb Code    54  port.o(i.vPortEnterCritical)
    vPortExitCritical                        0x08004449   Thumb Code    34  port.o(i.vPortExitCritical)
    vPortFree                                0x08004471   Thumb Code    88  heap_4.o(i.vPortFree)
    vPortSetupTimerInterrupt                 0x080044cd   Thumb Code    32  port.o(i.vPortSetupTimerInterrupt)
    vTaskDelay                               0x080044f1   Thumb Code    66  tasks.o(i.vTaskDelay)
    vTaskInternalSetTimeOutState             0x0800453d   Thumb Code    12  tasks.o(i.vTaskInternalSetTimeOutState)
    vTaskMissedYield                         0x0800454d   Thumb Code     8  tasks.o(i.vTaskMissedYield)
    vTaskPlaceOnEventList                    0x08004559   Thumb Code    44  tasks.o(i.vTaskPlaceOnEventList)
    vTaskStartScheduler                      0x08004589   Thumb Code    86  tasks.o(i.vTaskStartScheduler)
    vTaskSuspendAll                          0x080045f1   Thumb Code    10  tasks.o(i.vTaskSuspendAll)
    vTaskSwitchContext                       0x08004601   Thumb Code    82  tasks.o(i.vTaskSwitchContext)
    xPortStartScheduler                      0x0800465d   Thumb Code   154  port.o(i.xPortStartScheduler)
    xPortSysTickHandler                      0x08004705   Thumb Code    38  port.o(i.xPortSysTickHandler)
    xQueueCreateMutex                        0x08004731   Thumb Code    36  queue.o(i.xQueueCreateMutex)
    xQueueGenericCreate                      0x08004755   Thumb Code    72  queue.o(i.xQueueGenericCreate)
    xQueueGenericReset                       0x0800479d   Thumb Code   132  queue.o(i.xQueueGenericReset)
    xQueueGenericSend                        0x08004825   Thumb Code   346  queue.o(i.xQueueGenericSend)
    xTaskCheckForTimeOut                     0x08004985   Thumb Code   112  tasks.o(i.xTaskCheckForTimeOut)
    xTaskCreate                              0x080049f9   Thumb Code    86  tasks.o(i.xTaskCreate)
    xTaskGetSchedulerState                   0x08004a51   Thumb Code    22  tasks.o(i.xTaskGetSchedulerState)
    xTaskIncrementTick                       0x08004a6d   Thumb Code   192  tasks.o(i.xTaskIncrementTick)
    xTaskPriorityDisinherit                  0x08004b35   Thumb Code   144  tasks.o(i.xTaskPriorityDisinherit)
    xTaskRemoveFromEventList                 0x08004bcd   Thumb Code   108  tasks.o(i.xTaskRemoveFromEventList)
    xTaskResumeAll                           0x08004c41   Thumb Code   182  tasks.o(i.xTaskResumeAll)
    AHBPrescTable                            0x080061f4   Data          16  system_stm32f1xx.o(.constdata)
    APBPrescTable                            0x08006204   Data           8  system_stm32f1xx.o(.constdata)
    Region$$Table$$Base                      0x08006228   Number         0  anon$$obj.o(Region$$Table)
    Region$$Table$$Limit                     0x08006248   Number         0  anon$$obj.o(Region$$Table)
    Font_7x10                                0x20000008   Data           8  fonts.o(.data)
    Font_11x18                               0x20000010   Data           8  fonts.o(.data)
    buff                                     0x20000018   Data           2  bh1750.o(.data)
    defaultTaskHandle                        0x2000001c   Data           4  main.o(.data)
    joystickTaskHandle                       0x20000020   Data           4  main.o(.data)
    adcBuffer                                0x20000024   Data           4  main.o(.data)
    menu_select                              0x20000028   Data           4  main.o(.data)
    menu_level                               0x2000002c   Data           4  main.o(.data)
    is_clicked                               0x20000030   Data           4  main.o(.data)
    xSemaphore                               0x20000034   Data           4  main.o(.data)
    uwTickFreq                               0x20000038   Data           1  stm32f1xx_hal.o(.data)
    uwTickPrio                               0x2000003c   Data           4  stm32f1xx_hal.o(.data)
    uwTick                                   0x20000040   Data           4  stm32f1xx_hal.o(.data)
    SystemCoreClock                          0x20000044   Data           4  system_stm32f1xx.o(.data)
    pxCurrentTCB                             0x20000048   Data           4  tasks.o(.data)
    hadc1                                    0x200004a8   Data          48  main.o(.bss)
    hi2c1                                    0x200004d8   Data          84  main.o(.bss)
    htim2                                    0x2000052c   Data          64  main.o(.bss)
    huart1                                   0x2000056c   Data          64  main.o(.bss)
    rx_buff                                  0x200005ac   Data          10  main.o(.bss)
    tDS1307                                  0x200005b6   Data          13  main.o(.bss)
    hdma_adc1                                0x200005c4   Data          68  main.o(.bss)
    hdma_usart1_rx                           0x20000608   Data          68  main.o(.bss)
    __initial_sp                             0x20001740   Data           0  startup_stm32f103xb.o(STACK)



==============================================================================

Memory Map of the image

  Image Entry point : 0x080000ed

  Load Region LR_IROM1 (Base: 0x08000000, Size: 0x000062f0, Max: 0x00010000, ABSOLUTE)

    Execution Region ER_IROM1 (Base: 0x08000000, Size: 0x00006248, Max: 0x00010000, ABSOLUTE)

    Base Addr    Size         Type   Attr      Idx    E Section Name        Object

    0x08000000   0x000000ec   Data   RO            3    RESET               startup_stm32f103xb.o
    0x080000ec   0x00000000   Code   RO         5023  * .ARM.Collect$$$$00000000  mc_w.l(entry.o)
    0x080000ec   0x00000004   Code   RO         5339    .ARM.Collect$$$$00000001  mc_w.l(entry2.o)
    0x080000f0   0x00000004   Code   RO         5342    .ARM.Collect$$$$00000004  mc_w.l(entry5.o)
    0x080000f4   0x00000000   Code   RO         5344    .ARM.Collect$$$$00000008  mc_w.l(entry7b.o)
    0x080000f4   0x00000000   Code   RO         5346    .ARM.Collect$$$$0000000A  mc_w.l(entry8b.o)
    0x080000f4   0x00000008   Code   RO         5347    .ARM.Collect$$$$0000000B  mc_w.l(entry9a.o)
    0x080000fc   0x00000000   Code   RO         5349    .ARM.Collect$$$$0000000D  mc_w.l(entry10a.o)
    0x080000fc   0x00000000   Code   RO         5351    .ARM.Collect$$$$0000000F  mc_w.l(entry11a.o)
    0x080000fc   0x00000004   Code   RO         5340    .ARM.Collect$$$$00002712  mc_w.l(entry2.o)
    0x08000100   0x00000096   Code   RO         4946    .emb_text           port.o
    0x08000196   0x00000002   PAD
    0x08000198   0x00000024   Code   RO            4    .text               startup_stm32f103xb.o
    0x080001bc   0x00000020   Code   RO         5026    .text               mc_w.l(llushr.o)
    0x080001dc   0x00000024   Code   RO         5028    .text               mc_w.l(memcpya.o)
    0x08000200   0x00000024   Code   RO         5032    .text               mc_w.l(memseta.o)
    0x08000224   0x000000de   Code   RO         5329    .text               mf_w.l(ddiv.o)
    0x08000302   0x0000001a   Code   RO         5333    .text               mf_w.l(dfltui.o)
    0x0800031c   0x00000032   Code   RO         5335    .text               mf_w.l(dfixui.o)
    0x0800034e   0x0000002c   Code   RO         5356    .text               mc_w.l(uidiv.o)
    0x0800037a   0x00000062   Code   RO         5358    .text               mc_w.l(uldiv.o)
    0x080003dc   0x00000000   Code   RO         5362    .text               mc_w.l(iusefp.o)
    0x080003dc   0x000000ba   Code   RO         5365    .text               mf_w.l(depilogue.o)
    0x08000496   0x0000014e   Code   RO         5367    .text               mf_w.l(dadd.o)
    0x080005e4   0x000000e4   Code   RO         5369    .text               mf_w.l(dmul.o)
    0x080006c8   0x00000030   Code   RO         5371    .text               mf_w.l(dfixul.o)
    0x080006f8   0x00000030   Code   RO         5373    .text               mf_w.l(cdrcmple.o)
    0x08000728   0x00000024   Code   RO         5375    .text               mc_w.l(init.o)
    0x0800074c   0x0000001e   Code   RO         5378    .text               mc_w.l(llshl.o)
    0x0800076a   0x00000024   Code   RO         5380    .text               mc_w.l(llsshr.o)
    0x0800078e   0x00000002   PAD
    0x08000790   0x0000004c   Code   RO          834    i.ADC_ConversionStop_Disable  stm32f1xx_hal_adc.o
    0x080007dc   0x0000004e   Code   RO          835    i.ADC_DMAConvCplt   stm32f1xx_hal_adc.o
    0x0800082a   0x0000001a   Code   RO          836    i.ADC_DMAError      stm32f1xx_hal_adc.o
    0x08000844   0x0000000a   Code   RO          837    i.ADC_DMAHalfConvCplt  stm32f1xx_hal_adc.o
    0x0800084e   0x00000002   PAD
    0x08000850   0x00000070   Code   RO          838    i.ADC_Enable        stm32f1xx_hal_adc.o
    0x080008c0   0x00000024   Code   RO          358    i.BH1750_Init       bh1750.o
    0x080008e4   0x0000003c   Code   RO          359    i.BH1750_Read       bh1750.o
    0x08000920   0x00000002   Code   RO          649    i.BusFault_Handler  stm32f1xx_it.o
    0x08000922   0x00000002   PAD
    0x08000924   0x0000000c   Code   RO          187    i.ConvertFromInt    usart_print.o
    0x08000930   0x00000010   Code   RO          188    i.ConvertFromIntForTime  usart_print.o
    0x08000940   0x0000000c   Code   RO          650    i.DMA1_Channel1_IRQHandler  stm32f1xx_it.o
    0x0800094c   0x0000000c   Code   RO          651    i.DMA1_Channel5_IRQHandler  stm32f1xx_it.o
    0x08000958   0x0000002a   Code   RO         3164    i.DMA_SetConfig     stm32f1xx_hal_dma.o
    0x08000982   0x00000002   Code   RO          652    i.DebugMon_Handler  stm32f1xx_it.o
    0x08000984   0x00000002   Code   RO          490    i.Error_Handler     main.o
    0x08000986   0x00000002   PAD
    0x08000988   0x000000fc   Code   RO          840    i.HAL_ADC_ConfigChannel  stm32f1xx_hal_adc.o
    0x08000a84   0x00000002   Code   RO          841    i.HAL_ADC_ConvCpltCallback  stm32f1xx_hal_adc.o
    0x08000a86   0x00000002   Code   RO          842    i.HAL_ADC_ConvHalfCpltCallback  stm32f1xx_hal_adc.o
    0x08000a88   0x00000002   Code   RO          844    i.HAL_ADC_ErrorCallback  stm32f1xx_hal_adc.o
    0x08000a8a   0x00000002   PAD
    0x08000a8c   0x0000011c   Code   RO          849    i.HAL_ADC_Init      stm32f1xx_hal_adc.o
    0x08000ba8   0x0000008c   Code   RO          726    i.HAL_ADC_MspInit   stm32f1xx_hal_msp.o
    0x08000c34   0x0000010c   Code   RO          856    i.HAL_ADC_Start_DMA  stm32f1xx_hal_adc.o
    0x08000d40   0x00000154   Code   RO         3170    i.HAL_DMA_IRQHandler  stm32f1xx_hal_dma.o
    0x08000e94   0x0000005c   Code   RO         3171    i.HAL_DMA_Init      stm32f1xx_hal_dma.o
    0x08000ef0   0x00000070   Code   RO         3175    i.HAL_DMA_Start_IT  stm32f1xx_hal_dma.o
    0x08000f60   0x00000024   Code   RO         2793    i.HAL_Delay         stm32f1xx_hal.o
    0x08000f84   0x000001e0   Code   RO         3101    i.HAL_GPIO_Init     stm32f1xx_hal_gpio.o
    0x08001164   0x0000000a   Code   RO         3103    i.HAL_GPIO_ReadPin  stm32f1xx_hal_gpio.o
    0x0800116e   0x0000000e   Code   RO         3104    i.HAL_GPIO_TogglePin  stm32f1xx_hal_gpio.o
    0x0800117c   0x0000000a   Code   RO         3105    i.HAL_GPIO_WritePin  stm32f1xx_hal_gpio.o
    0x08001186   0x00000002   PAD
    0x08001188   0x0000000c   Code   RO         2797    i.HAL_GetTick       stm32f1xx_hal.o
    0x08001194   0x00000174   Code   RO         1121    i.HAL_I2C_Init      stm32f1xx_hal_i2c.o
    0x08001308   0x0000020c   Code   RO         1127    i.HAL_I2C_Master_Receive  stm32f1xx_hal_i2c.o
    0x08001514   0x0000012c   Code   RO         1134    i.HAL_I2C_Master_Transmit  stm32f1xx_hal_i2c.o
    0x08001640   0x00000130   Code   RO         1142    i.HAL_I2C_Mem_Write  stm32f1xx_hal_i2c.o
    0x08001770   0x0000005c   Code   RO          728    i.HAL_I2C_MspInit   stm32f1xx_hal_msp.o
    0x080017cc   0x00000010   Code   RO         2803    i.HAL_IncTick       stm32f1xx_hal.o
    0x080017dc   0x00000024   Code   RO         2804    i.HAL_Init          stm32f1xx_hal.o
    0x08001800   0x00000040   Code   RO         2805    i.HAL_InitTick      stm32f1xx_hal.o
    0x08001840   0x00000048   Code   RO          729    i.HAL_MspInit       stm32f1xx_hal_msp.o
    0x08001888   0x0000008e   Code   RO         2467    i.HAL_MultiProcessor_Init  stm32f1xx_hal_uart.o
    0x08001916   0x0000001a   Code   RO         3261    i.HAL_NVIC_EnableIRQ  stm32f1xx_hal_cortex.o
    0x08001930   0x00000040   Code   RO         3267    i.HAL_NVIC_SetPriority  stm32f1xx_hal_cortex.o
    0x08001970   0x00000024   Code   RO         3268    i.HAL_NVIC_SetPriorityGrouping  stm32f1xx_hal_cortex.o
    0x08001994   0x000000ec   Code   RO         3064    i.HAL_RCCEx_PeriphCLKConfig  stm32f1xx_hal_rcc_ex.o
    0x08001a80   0x0000012c   Code   RO         2961    i.HAL_RCC_ClockConfig  stm32f1xx_hal_rcc.o
    0x08001bac   0x00000020   Code   RO         2968    i.HAL_RCC_GetPCLK1Freq  stm32f1xx_hal_rcc.o
    0x08001bcc   0x00000020   Code   RO         2969    i.HAL_RCC_GetPCLK2Freq  stm32f1xx_hal_rcc.o
    0x08001bec   0x0000006c   Code   RO         2970    i.HAL_RCC_GetSysClockFreq  stm32f1xx_hal_rcc.o
    0x08001c58   0x00000320   Code   RO         2973    i.HAL_RCC_OscConfig  stm32f1xx_hal_rcc.o
    0x08001f78   0x00000028   Code   RO         3272    i.HAL_SYSTICK_Config  stm32f1xx_hal_cortex.o
    0x08001fa0   0x00000042   Code   RO         2227    i.HAL_TIMEx_MasterConfigSynchronization  stm32f1xx_hal_tim_ex.o
    0x08001fe2   0x00000036   Code   RO         1534    i.HAL_TIM_Base_Init  stm32f1xx_hal_tim.o
    0x08002018   0x00000024   Code   RO          731    i.HAL_TIM_Base_MspInit  stm32f1xx_hal_msp.o
    0x0800203c   0x00000024   Code   RO         1537    i.HAL_TIM_Base_Start  stm32f1xx_hal_tim.o
    0x08002060   0x000000d6   Code   RO         1543    i.HAL_TIM_ConfigClockSource  stm32f1xx_hal_tim.o
    0x08002136   0x00000002   Code   RO         2481    i.HAL_UART_ErrorCallback  stm32f1xx_hal_uart.o
    0x08002138   0x000000a0   Code   RO          733    i.HAL_UART_MspInit  stm32f1xx_hal_msp.o
    0x080021d8   0x00000098   Code   RO         2489    i.HAL_UART_Receive_DMA  stm32f1xx_hal_uart.o
    0x08002270   0x00000034   Code   RO          491    i.HAL_UART_RxCpltCallback  main.o
    0x080022a4   0x00000002   Code   RO         2492    i.HAL_UART_RxHalfCpltCallback  stm32f1xx_hal_uart.o
    0x080022a6   0x000000ba   Code   RO         2493    i.HAL_UART_Transmit  stm32f1xx_hal_uart.o
    0x08002360   0x00000002   Code   RO          653    i.HardFault_Handler  stm32f1xx_it.o
    0x08002362   0x0000002e   Code   RO         1163    i.I2C_IsAcknowledgeFailed  stm32f1xx_hal_i2c.o
    0x08002390   0x000000d4   Code   RO         1166    i.I2C_MasterRequestRead  stm32f1xx_hal_i2c.o
    0x08002464   0x00000088   Code   RO         1167    i.I2C_MasterRequestWrite  stm32f1xx_hal_i2c.o
    0x080024ec   0x00000094   Code   RO         1173    i.I2C_RequestMemoryWrite  stm32f1xx_hal_i2c.o
    0x08002580   0x0000004c   Code   RO         1176    i.I2C_WaitOnBTFFlagUntilTimeout  stm32f1xx_hal_i2c.o
    0x080025cc   0x00000068   Code   RO         1177    i.I2C_WaitOnFlagUntilTimeout  stm32f1xx_hal_i2c.o
    0x08002634   0x00000096   Code   RO         1178    i.I2C_WaitOnMasterAddressFlagUntilTimeout  stm32f1xx_hal_i2c.o
    0x080026ca   0x00000066   Code   RO         1179    i.I2C_WaitOnRXNEFlagUntilTimeout  stm32f1xx_hal_i2c.o
    0x08002730   0x0000004c   Code   RO         1180    i.I2C_WaitOnTXEFlagUntilTimeout  stm32f1xx_hal_i2c.o
    0x0800277c   0x00000060   Code   RO          492    i.MX_ADC1_Init      main.o
    0x080027dc   0x000000ac   Code   RO          493    i.MX_GPIO_Init      main.o
    0x08002888   0x0000006c   Code   RO          494    i.MX_TIM2_Init      main.o
    0x080028f4   0x00000002   Code   RO          654    i.MemManage_Handler  stm32f1xx_it.o
    0x080028f6   0x00000002   Code   RO          655    i.NMI_Handler       stm32f1xx_it.o
    0x080028f8   0x00000240   Code   RO          495    i.StartDefaultTask  main.o
    0x08002b38   0x0000018c   Code   RO          496    i.StartJoystickTask  main.o
    0x08002cc4   0x00000018   Code   RO          656    i.SysTick_Handler   stm32f1xx_it.o
    0x08002cdc   0x00000062   Code   RO          497    i.SystemClock_Config  main.o
    0x08002d3e   0x00000002   PAD
    0x08002d40   0x00000048   Code   RO         3762    i.SystemInit        system_stm32f1xx.o
    0x08002d88   0x0000006c   Code   RO         1622    i.TIM_Base_SetConfig  stm32f1xx_hal_tim.o
    0x08002df4   0x00000014   Code   RO         1633    i.TIM_ETR_SetConfig  stm32f1xx_hal_tim.o
    0x08002e08   0x00000010   Code   RO         1634    i.TIM_ITRx_SetConfig  stm32f1xx_hal_tim.o
    0x08002e18   0x00000022   Code   RO         1640    i.TIM_TI1_ConfigInputStage  stm32f1xx_hal_tim.o
    0x08002e3a   0x00000024   Code   RO         1642    i.TIM_TI2_ConfigInputStage  stm32f1xx_hal_tim.o
    0x08002e5e   0x0000004a   Code   RO         2499    i.UART_DMAError     stm32f1xx_hal_uart.o
    0x08002ea8   0x0000003c   Code   RO         2500    i.UART_DMAReceiveCplt  stm32f1xx_hal_uart.o
    0x08002ee4   0x0000000a   Code   RO         2502    i.UART_DMARxHalfCplt  stm32f1xx_hal_uart.o
    0x08002eee   0x0000001c   Code   RO         2508    i.UART_EndRxTransfer  stm32f1xx_hal_uart.o
    0x08002f0a   0x00000012   Code   RO         2509    i.UART_EndTxTransfer  stm32f1xx_hal_uart.o
    0x08002f1c   0x000000b8   Code   RO         2511    i.UART_SetConfig    stm32f1xx_hal_uart.o
    0x08002fd4   0x00000064   Code   RO         2513    i.UART_WaitOnFlagUntilTimeout  stm32f1xx_hal_uart.o
    0x08003038   0x00000002   Code   RO          657    i.UsageFault_Handler  stm32f1xx_it.o
    0x0800303a   0x00000002   PAD
    0x0800303c   0x00000028   Code   RO         5271    i.__0sprintf        mc_w.l(printfa.o)
    0x08003064   0x00000020   Code   RO         3274    i.__NVIC_SetPriority  stm32f1xx_hal_cortex.o
    0x08003084   0x0000000e   Code   RO         5385    i.__scatterload_copy  mc_w.l(handlers.o)
    0x08003092   0x00000002   Code   RO         5386    i.__scatterload_null  mc_w.l(handlers.o)
    0x08003094   0x0000000e   Code   RO         5387    i.__scatterload_zeroinit  mc_w.l(handlers.o)
    0x080030a2   0x00000002   PAD
    0x080030a4   0x00000184   Code   RO         5276    i._fp_digits        mc_w.l(printfa.o)
    0x08003228   0x000006dc   Code   RO         5277    i._printf_core      mc_w.l(printfa.o)
    0x08003904   0x00000024   Code   RO         5278    i._printf_post_padding  mc_w.l(printfa.o)
    0x08003928   0x0000002e   Code   RO         5279    i._printf_pre_padding  mc_w.l(printfa.o)
    0x08003956   0x0000000a   Code   RO         5281    i._sputc            mc_w.l(printfa.o)
    0x08003960   0x00000080   Code   RO          404    i.get_Day_Of_Week   ds1307.o
    0x080039e0   0x0000011c   Code   RO          498    i.main              main.o
    0x08003afc   0x0000000c   Code   RO         4518    i.makeFreeRtosPriority  cmsis_os.o
    0x08003b08   0x0000000e   Code   RO         4520    i.osDelay           cmsis_os.o
    0x08003b16   0x0000000a   Code   RO         4523    i.osKernelStart     cmsis_os.o
    0x08003b20   0x0000002e   Code   RO         4557    i.osThreadCreate    cmsis_os.o
    0x08003b4e   0x00000002   PAD
    0x08003b50   0x00000070   Code   RO         4221    i.prvAddCurrentTaskToDelayedList  tasks.o
    0x08003bc0   0x000000d0   Code   RO         4222    i.prvAddNewTaskToReadyList  tasks.o
    0x08003c90   0x0000006c   Code   RO         3935    i.prvCopyDataToQueue  queue.o
    0x08003cfc   0x00000014   Code   RO         4223    i.prvDeleteTCB      tasks.o
    0x08003d10   0x0000004c   Code   RO         4885    i.prvHeapInit       heap_4.o
    0x08003d5c   0x00000060   Code   RO         4224    i.prvIdleTask       tasks.o
    0x08003dbc   0x0000008e   Code   RO         4225    i.prvInitialiseNewTask  tasks.o
    0x08003e4a   0x00000002   PAD
    0x08003e4c   0x0000004c   Code   RO         4886    i.prvInsertBlockIntoFreeList  heap_4.o
    0x08003e98   0x00000020   Code   RO         4226    i.prvResetNextTaskUnblockTime  tasks.o
    0x08003eb8   0x00000028   Code   RO         4947    i.prvTaskExitError  port.o
    0x08003ee0   0x0000006a   Code   RO         3937    i.prvUnlockQueue    queue.o
    0x08003f4a   0x00000002   PAD
    0x08003f4c   0x000000d8   Code   RO         4887    i.pvPortMalloc      heap_4.o
    0x08004024   0x00000024   Code   RO         4948    i.pxPortInitialiseStack  port.o
    0x08004048   0x000000c0   Code   RO          237    i.ssd1306_DrawLuxIcon  ssd1306.o
    0x08004108   0x00000040   Code   RO          238    i.ssd1306_DrawPixel  ssd1306.o
    0x08004148   0x00000020   Code   RO          239    i.ssd1306_Fill      ssd1306.o
    0x08004168   0x000000d0   Code   RO          240    i.ssd1306_Init      ssd1306.o
    0x08004238   0x0000000c   Code   RO          241    i.ssd1306_SetCursor  ssd1306.o
    0x08004244   0x0000004c   Code   RO          242    i.ssd1306_UpdateScreen  ssd1306.o
    0x08004290   0x0000009c   Code   RO          243    i.ssd1306_WriteChar  ssd1306.o
    0x0800432c   0x00000024   Code   RO          244    i.ssd1306_WriteCommand  ssd1306.o
    0x08004350   0x0000002c   Code   RO          245    i.ssd1306_WriteString  ssd1306.o
    0x0800437c   0x00000026   Code   RO         3894    i.uxListRemove      list.o
    0x080043a2   0x00000016   Code   RO         3895    i.vListInitialise   list.o
    0x080043b8   0x00000006   Code   RO         3896    i.vListInitialiseItem  list.o
    0x080043be   0x00000030   Code   RO         3897    i.vListInsert       list.o
    0x080043ee   0x00000018   Code   RO         3898    i.vListInsertEnd    list.o
    0x08004406   0x00000002   PAD
    0x08004408   0x00000040   Code   RO         4950    i.vPortEnterCritical  port.o
    0x08004448   0x00000028   Code   RO         4951    i.vPortExitCritical  port.o
    0x08004470   0x0000005c   Code   RO         4888    i.vPortFree         heap_4.o
    0x080044cc   0x00000024   Code   RO         4952    i.vPortSetupTimerInterrupt  port.o
    0x080044f0   0x0000004c   Code   RO         4234    i.vTaskDelay        tasks.o
    0x0800453c   0x00000010   Code   RO         4237    i.vTaskInternalSetTimeOutState  tasks.o
    0x0800454c   0x0000000c   Code   RO         4238    i.vTaskMissedYield  tasks.o
    0x08004558   0x00000030   Code   RO         4240    i.vTaskPlaceOnEventList  tasks.o
    0x08004588   0x00000068   Code   RO         4247    i.vTaskStartScheduler  tasks.o
    0x080045f0   0x00000010   Code   RO         4249    i.vTaskSuspendAll   tasks.o
    0x08004600   0x0000005c   Code   RO         4250    i.vTaskSwitchContext  tasks.o
    0x0800465c   0x000000a8   Code   RO         4954    i.xPortStartScheduler  port.o
    0x08004704   0x0000002c   Code   RO         4955    i.xPortSysTickHandler  port.o
    0x08004730   0x00000024   Code   RO         3944    i.xQueueCreateMutex  queue.o
    0x08004754   0x00000048   Code   RO         3945    i.xQueueGenericCreate  queue.o
    0x0800479c   0x00000088   Code   RO         3946    i.xQueueGenericReset  queue.o
    0x08004824   0x00000160   Code   RO         3947    i.xQueueGenericSend  queue.o
    0x08004984   0x00000074   Code   RO         4251    i.xTaskCheckForTimeOut  tasks.o
    0x080049f8   0x00000056   Code   RO         4252    i.xTaskCreate       tasks.o
    0x08004a4e   0x00000002   PAD
    0x08004a50   0x0000001c   Code   RO         4256    i.xTaskGetSchedulerState  tasks.o
    0x08004a6c   0x000000c8   Code   RO         4259    i.xTaskIncrementTick  tasks.o
    0x08004b34   0x00000098   Code   RO         4262    i.xTaskPriorityDisinherit  tasks.o
    0x08004bcc   0x00000074   Code   RO         4264    i.xTaskRemoveFromEventList  tasks.o
    0x08004c40   0x000000c4   Code   RO         4265    i.xTaskResumeAll    tasks.o
    0x08004d04   0x0000076c   Data   RO          329    .constdata          fonts.o
    0x08005470   0x00000d5c   Data   RO          330    .constdata          fonts.o
    0x080061cc   0x00000028   Data   RO          502    .constdata          main.o
    0x080061f4   0x00000010   Data   RO         3763    .constdata          system_stm32f1xx.o
    0x08006204   0x00000008   Data   RO         3764    .constdata          system_stm32f1xx.o
    0x0800620c   0x0000001c   Data   RO          503    .conststring        main.o
    0x08006228   0x00000020   Data   RO         5383    Region$$Table       anon$$obj.o


    Execution Region RW_IRAM1 (Base: 0x20000000, Size: 0x00001740, Max: 0x00005000, ABSOLUTE)

    Base Addr    Size         Type   Attr      Idx    E Section Name        Object

    0x20000000   0x00000006   Data   RW          247    .data               ssd1306.o
    0x20000006   0x00000002   PAD
    0x20000008   0x00000008   Data   RW          332    .data               fonts.o
    0x20000010   0x00000008   Data   RW          333    .data               fonts.o
    0x20000018   0x00000002   Data   RW          361    .data               bh1750.o
    0x2000001a   0x00000002   PAD
    0x2000001c   0x0000001c   Data   RW          505    .data               main.o
    0x20000038   0x0000000c   Data   RW         2811    .data               stm32f1xx_hal.o
    0x20000044   0x00000004   Data   RW         3765    .data               system_stm32f1xx.o
    0x20000048   0x0000003c   Data   RW         4268    .data               tasks.o
    0x20000084   0x00000018   Data   RW         4893    .data               heap_4.o
    0x2000009c   0x0000000c   Data   RW         4956    .data               port.o
    0x200000a8   0x00000400   Zero   RW          246    .bss                ssd1306.o
    0x200004a8   0x0000011b   Zero   RW          499    .bss                main.o
    0x200005c3   0x00000001   PAD
    0x200005c4   0x00000044   Zero   RW          500    .bss                main.o
    0x20000608   0x00000044   Zero   RW          501    .bss                main.o
    0x2000064c   0x000000f0   Zero   RW         4267    .bss                tasks.o
    0x2000073c   0x00000c00   Zero   RW         4892    .bss                heap_4.o
    0x2000133c   0x00000004   PAD
    0x20001340   0x00000400   Zero   RW            1    STACK               startup_stm32f103xb.o


==============================================================================

Image component sizes


      Code (inc. data)   RO Data    RW Data    ZI Data      Debug   Object Name

        96         24          0          2          0       1451   bh1750.o
        82          0          0          0          0      12761   cmsis_os.o
         0          0          0          0          0     443740   dht22.o
       128          8          0          0          0        706   ds1307.o
         0          0          0          0          0       9600   event_groups.o
         0          0       5320         16          0       1046   fonts.o
       460         24          0         24       3072       7359   heap_4.o
       138          0          0          0          0       3502   list.o
      1784        232         68         28        419      28777   main.o
       578         60          0         12          0      10548   port.o
       810         10          0          0          0       8535   queue.o
       820        110          0          6       1024       7411   ssd1306.o
        36          8        236          0       1024        820   startup_stm32f103xb.o
       164         28          0         12          0       6041   stm32f1xx_hal.o
      1112         54          0          0          0       8734   stm32f1xx_hal_adc.o
       198         14          0          0          0      29043   stm32f1xx_hal_cortex.o
       586         32          0          0          0       3687   stm32f1xx_hal_dma.o
       514         34          0          0          0       4200   stm32f1xx_hal_gpio.o
      2550         56          0          0          0      14334   stm32f1xx_hal_i2c.o
       500         70          0          0          0       3739   stm32f1xx_hal_msp.o
      1272        100          0          0          0       5300   stm32f1xx_hal_rcc.o
       236         12          0          0          0       1420   stm32f1xx_hal_rcc_ex.o
       518         14          0          0          0       6684   stm32f1xx_hal_tim.o
        66          0          0          0          0       1340   stm32f1xx_hal_tim_ex.o
       958         20          0          0          0       8928   stm32f1xx_hal_uart.o
        60         12          0          0          0       4069   stm32f1xx_it.o
        72         16         24          4          0       1211   system_stm32f1xx.o
      1868        148          0         60        240      20330   tasks.o
        28         12          0          0          0       1101   usart_print.o

    ----------------------------------------------------------------------
     15660       1098       5680        168       5784     656417   Object Totals
         0          0         32          0          0          0   (incl. Generated)
        26          0          0          4          5          0   (incl. Padding)

    ----------------------------------------------------------------------

      Code (inc. data)   RO Data    RW Data    ZI Data      Debug   Library Member Name

         0          0          0          0          0          0   entry.o
         0          0          0          0          0          0   entry10a.o
         0          0          0          0          0          0   entry11a.o
         8          4          0          0          0          0   entry2.o
         4          0          0          0          0          0   entry5.o
         0          0          0          0          0          0   entry7b.o
         0          0          0          0          0          0   entry8b.o
         8          4          0          0          0          0   entry9a.o
        30          0          0          0          0          0   handlers.o
        36          8          0          0          0         68   init.o
         0          0          0          0          0          0   iusefp.o
        30          0          0          0          0         68   llshl.o
        36          0          0          0          0         68   llsshr.o
        32          0          0          0          0         68   llushr.o
        36          0          0          0          0         68   memcpya.o
        36          0          0          0          0        108   memseta.o
      2276         86          0          0          0        520   printfa.o
        44          0          0          0          0         80   uidiv.o
        98          0          0          0          0         92   uldiv.o
        48          0          0          0          0         68   cdrcmple.o
       334          0          0          0          0        148   dadd.o
       222          0          0          0          0        100   ddiv.o
       186          0          0          0          0        176   depilogue.o
        50          0          0          0          0         76   dfixui.o
        48          0          0          0          0         68   dfixul.o
        26          0          0          0          0         76   dfltui.o
       228          0          0          0          0         96   dmul.o

    ----------------------------------------------------------------------
      3820        102          0          0          0       1948   Library Totals
         4          0          0          0          0          0   (incl. Padding)

    ----------------------------------------------------------------------

      Code (inc. data)   RO Data    RW Data    ZI Data      Debug   Library Name

      2674        102          0          0          0       1140   mc_w.l
      1142          0          0          0          0        808   mf_w.l

    ----------------------------------------------------------------------
      3820        102          0          0          0       1948   Library Totals

    ----------------------------------------------------------------------

==============================================================================


      Code (inc. data)   RO Data    RW Data    ZI Data      Debug   

     19480       1200       5680        168       5784     649677   Grand Totals
     19480       1200       5680        168       5784     649677   ELF Image Totals
     19480       1200       5680        168          0          0   ROM Totals

==============================================================================

    Total RO  Size (Code + RO Data)                25160 (  24.57kB)
    Total RW  Size (RW Data + ZI Data)              5952 (   5.81kB)
    Total ROM Size (Code + RO Data + RW Data)      25328 (  24.73kB)

==============================================================================

